Archive member included to satisfy reference by file (symbol)

/opt/gcc_MINIRISC/bin/../lib/gcc/riscv32-MINIRISC-elf/12.2.0/libgcc.a(_clzsi2.o)
                              build/FreeRTOS/tasks.o (__clzsi2)
/opt/gcc_MINIRISC/bin/../lib/gcc/riscv32-MINIRISC-elf/12.2.0/libgcc.a(_udivdi3.o)
                              build/xprintf/xprintf.o (__udivdi3)
/opt/gcc_MINIRISC/bin/../lib/gcc/riscv32-MINIRISC-elf/12.2.0/libgcc.a(_umoddi3.o)
                              build/xprintf/xprintf.o (__umoddi3)
/opt/gcc_MINIRISC/bin/../lib/gcc/riscv32-MINIRISC-elf/12.2.0/libgcc.a(adddf3.o)
                              build/xprintf/xprintf.o (__adddf3)
/opt/gcc_MINIRISC/bin/../lib/gcc/riscv32-MINIRISC-elf/12.2.0/libgcc.a(divdf3.o)
                              build/xprintf/xprintf.o (__divdf3)
/opt/gcc_MINIRISC/bin/../lib/gcc/riscv32-MINIRISC-elf/12.2.0/libgcc.a(eqdf2.o)
                              build/xprintf/xprintf.o (__nedf2)
/opt/gcc_MINIRISC/bin/../lib/gcc/riscv32-MINIRISC-elf/12.2.0/libgcc.a(gedf2.o)
                              build/xprintf/xprintf.o (__gedf2)
/opt/gcc_MINIRISC/bin/../lib/gcc/riscv32-MINIRISC-elf/12.2.0/libgcc.a(ledf2.o)
                              build/xprintf/xprintf.o (__ledf2)
/opt/gcc_MINIRISC/bin/../lib/gcc/riscv32-MINIRISC-elf/12.2.0/libgcc.a(muldf3.o)
                              build/xprintf/xprintf.o (__muldf3)
/opt/gcc_MINIRISC/bin/../lib/gcc/riscv32-MINIRISC-elf/12.2.0/libgcc.a(subdf3.o)
                              build/xprintf/xprintf.o (__subdf3)
/opt/gcc_MINIRISC/bin/../lib/gcc/riscv32-MINIRISC-elf/12.2.0/libgcc.a(unorddf2.o)
                              build/xprintf/xprintf.o (__unorddf2)
/opt/gcc_MINIRISC/bin/../lib/gcc/riscv32-MINIRISC-elf/12.2.0/libgcc.a(fixdfsi.o)
                              build/xprintf/xprintf.o (__fixdfsi)
/opt/gcc_MINIRISC/bin/../lib/gcc/riscv32-MINIRISC-elf/12.2.0/libgcc.a(floatsidf.o)
                              build/xprintf/xprintf.o (__floatsidf)
/opt/gcc_MINIRISC/bin/../lib/gcc/riscv32-MINIRISC-elf/12.2.0/libgcc.a(_clz.o)
                              /opt/gcc_MINIRISC/bin/../lib/gcc/riscv32-MINIRISC-elf/12.2.0/libgcc.a(_clzsi2.o) (__clz_tab)
/opt/gcc_MINIRISC/bin/../lib/gcc/riscv32-MINIRISC-elf/12.2.0/../../../../riscv32-MINIRISC-elf/lib/libc.a(libc_a-atexit.o)
                              /opt/gcc_MINIRISC/bin/../lib/gcc/riscv32-MINIRISC-elf/12.2.0/../../../../riscv32-MINIRISC-elf/lib/crt0.o (atexit)
/opt/gcc_MINIRISC/bin/../lib/gcc/riscv32-MINIRISC-elf/12.2.0/../../../../riscv32-MINIRISC-elf/lib/libc.a(libc_a-exit.o)
                              /opt/gcc_MINIRISC/bin/../lib/gcc/riscv32-MINIRISC-elf/12.2.0/../../../../riscv32-MINIRISC-elf/lib/crt0.o (exit)
/opt/gcc_MINIRISC/bin/../lib/gcc/riscv32-MINIRISC-elf/12.2.0/../../../../riscv32-MINIRISC-elf/lib/libc.a(libc_a-malloc.o)
                              build/FreeRTOS/portable/MemMang/heap_3_nosuspend.o (malloc)
/opt/gcc_MINIRISC/bin/../lib/gcc/riscv32-MINIRISC-elf/12.2.0/../../../../riscv32-MINIRISC-elf/lib/libc.a(libc_a-mallocr.o)
                              /opt/gcc_MINIRISC/bin/../lib/gcc/riscv32-MINIRISC-elf/12.2.0/../../../../riscv32-MINIRISC-elf/lib/libc.a(libc_a-malloc.o) (_malloc_r)
/opt/gcc_MINIRISC/bin/../lib/gcc/riscv32-MINIRISC-elf/12.2.0/../../../../riscv32-MINIRISC-elf/lib/libc.a(libc_a-findfp.o)
                              build/FreeRTOS/tasks.o (__sf)
/opt/gcc_MINIRISC/bin/../lib/gcc/riscv32-MINIRISC-elf/12.2.0/../../../../riscv32-MINIRISC-elf/lib/libc.a(libc_a-fwalk.o)
                              /opt/gcc_MINIRISC/bin/../lib/gcc/riscv32-MINIRISC-elf/12.2.0/../../../../riscv32-MINIRISC-elf/lib/libc.a(libc_a-findfp.o) (_fwalk_sglue)
/opt/gcc_MINIRISC/bin/../lib/gcc/riscv32-MINIRISC-elf/12.2.0/../../../../riscv32-MINIRISC-elf/lib/libc.a(libc_a-sprintf.o)
                              build/FreeRTOS/tasks.o (sprintf)
/opt/gcc_MINIRISC/bin/../lib/gcc/riscv32-MINIRISC-elf/12.2.0/../../../../riscv32-MINIRISC-elf/lib/libc.a(libc_a-stdio.o)
                              /opt/gcc_MINIRISC/bin/../lib/gcc/riscv32-MINIRISC-elf/12.2.0/../../../../riscv32-MINIRISC-elf/lib/libc.a(libc_a-findfp.o) (__sread)
/opt/gcc_MINIRISC/bin/../lib/gcc/riscv32-MINIRISC-elf/12.2.0/../../../../riscv32-MINIRISC-elf/lib/libc.a(libc_a-closer.o)
                              /opt/gcc_MINIRISC/bin/../lib/gcc/riscv32-MINIRISC-elf/12.2.0/../../../../riscv32-MINIRISC-elf/lib/libc.a(libc_a-stdio.o) (_close_r)
/opt/gcc_MINIRISC/bin/../lib/gcc/riscv32-MINIRISC-elf/12.2.0/../../../../riscv32-MINIRISC-elf/lib/libc.a(libc_a-reent.o)
                              build/FreeRTOS/tasks.o (_reclaim_reent)
/opt/gcc_MINIRISC/bin/../lib/gcc/riscv32-MINIRISC-elf/12.2.0/../../../../riscv32-MINIRISC-elf/lib/libc.a(libc_a-impure.o)
                              build/FreeRTOS/tasks.o (_impure_ptr)
/opt/gcc_MINIRISC/bin/../lib/gcc/riscv32-MINIRISC-elf/12.2.0/../../../../riscv32-MINIRISC-elf/lib/libc.a(libc_a-lseekr.o)
[...]
Memory Configuration

Name             Origin             Length             Attributes
RAM              0x0000000080000000 0x0000000002000000 xrw
ERAM             0x0000000020000000 0x0000000002000000 xrw
*default*        0x0000000000000000 0xffffffffffffffff

Linker script and memory map

LOAD /opt/gcc_MINIRISC/bin/../lib/gcc/riscv32-MINIRISC-elf/12.2.0/../../../../riscv32-MINIRISC-elf/lib/crt0.o
LOAD /opt/gcc_MINIRISC/bin/../lib/gcc/riscv32-MINIRISC-elf/12.2.0/crtbegin.o
LOAD build/minirisc/minirisc.o
LOAD build/xprintf/xprintf.o
LOAD build/FreeRTOS/tasks.o
LOAD build/FreeRTOS/timers.o
LOAD build/FreeRTOS/list.o
LOAD build/FreeRTOS/queue.o
LOAD build/FreeRTOS/croutine.o
LOAD build/FreeRTOS/stream_buffer.o
LOAD build/FreeRTOS/event_groups.o
LOAD build/FreeRTOS/portable/MemMang/heap_3_nosuspend.o
LOAD build/FreeRTOS/portable/GCC/Mini-RISC/port.o
LOAD build/support/syscalls.o
LOAD build/support/freertos_support.o
LOAD build/support/uart.o
LOAD build/audio_server.o
LOAD build/main.o
LOAD build/samples.o
LOAD build/minirisc/minirisc_init.o
LOAD build/FreeRTOS/portable/GCC/Mini-RISC/portASM.o
                [!provide]                        PROVIDE (__executable_start = SEGMENT_START ("text-segment", 0x10000))
                0x0000000000010074                . = (SEGMENT_START ("text-segment", 0x10000) + SIZEOF_HEADERS)

.interp
 *(.interp)

.note.gnu.build-id
 *(.note.gnu.build-id)

.hash
 *(.hash)

.gnu.hash
 *(.gnu.hash)

.dynsym
 *(.dynsym)

.dynstr
 *(.dynstr)

.gnu.version
 *(.gnu.version)

.gnu.version_d
 *(.gnu.version_d)

.gnu.version_r
 *(.gnu.version_r)

.rela.dyn       0x0000000080000000        0x0
 *(.rela.init)
 *(.rela.text .rela.text.* .rela.gnu.linkonce.t.*)
 .rela.text     0x0000000080000000        0x0 /opt/gcc_MINIRISC/bin/../lib/gcc/riscv32-MINIRISC-elf/12.2.0/../../../../riscv32-MINIRISC-elf/lib/crt0.o
 .rela.text.__libc_init_array
                0x0000000080000000        0x0 /opt/gcc_MINIRISC/bin/../lib/gcc/riscv32-MINIRISC-elf/12.2.0/../../../../riscv32-MINIRISC-elf/lib/crt0.o
 .rela.text.__libc_fini_array
                0x0000000080000000        0x0 /opt/gcc_MINIRISC/bin/../lib/gcc/riscv32-MINIRISC-elf/12.2.0/../../../../riscv32-MINIRISC-elf/lib/crt0.o
 .rela.text.startup.register_fini
                0x0000000080000000        0x0 /opt/gcc_MINIRISC/bin/../lib/gcc/riscv32-MINIRISC-elf/12.2.0/../../../../riscv32-MINIRISC-elf/lib/crt0.o
 *(.rela.fini)
 *(.rela.rodata .rela.rodata.* .rela.gnu.linkonce.r.*)
 *(.rela.data .rela.data.* .rela.gnu.linkonce.d.*)
 *(.rela.tdata .rela.tdata.* .rela.gnu.linkonce.td.*)
 *(.rela.tbss .rela.tbss.* .rela.gnu.linkonce.tb.*)
 *(.rela.ctors)
 *(.rela.dtors)
 *(.rela.got)
 *(.rela.sdata .rela.sdata.* .rela.gnu.linkonce.s.*)
 *(.rela.sbss .rela.sbss.* .rela.gnu.linkonce.sb.*)
 *(.rela.sdata2 .rela.sdata2.* .rela.gnu.linkonce.s2.*)
 *(.rela.sbss2 .rela.sbss2.* .rela.gnu.linkonce.sb2.*)
 *(.rela.bss .rela.bss.* .rela.gnu.linkonce.b.*)
 *(.rela.ifunc)
 .rela.srodata  0x0000000080000000        0x0 /opt/gcc_MINIRISC/bin/../lib/gcc/riscv32-MINIRISC-elf/12.2.0/../../../../riscv32-MINIRISC-elf/lib/crt0.o
 .rela.minirisc_init
                0x0000000080000000        0x0 /opt/gcc_MINIRISC/bin/../lib/gcc/riscv32-MINIRISC-elf/12.2.0/../../../../riscv32-MINIRISC-elf/lib/crt0.o

.rela.plt       0x0000000000010074        0x0
 *(.rela.plt)
                [!provide]                        PROVIDE (__rela_iplt_start = .)
 *(.rela.iplt)
                [!provide]                        PROVIDE (__rela_iplt_end = .)

.eram
 *(.eram)
 *(.eram.*)
                0x0000000081fffff0                PROVIDE (__stack_top = ((ORIGIN (RAM) + LENGTH (RAM)) - 0x10))
                0x0000000081fffff0                PROVIDE (__freertos_irq_stack_top = __stack_top)

.minirisc_init  0x0000000080000000       0x2c
                0x0000000080000000                . = ALIGN (0x4)
 *(.minirisc_init)
 .minirisc_init
                0x0000000080000000       0x2c build/minirisc/minirisc_init.o
                0x0000000080000000                _minirisc_init
                0x000000008000002c                . = ALIGN (0x4)

.init
 *(SORT_NONE(.init))

.plt
 *(.plt)
 *(.iplt)

.minirisc_irq_handlers
                0x0000000080000030      0xeb4
                0x0000000080000030                . = ALIGN (0x4)
 *(.minirisc_irq_handlers)
 .minirisc_irq_handlers
                0x0000000080000030      0x6f8 build/minirisc/minirisc.o
                0x0000000080000030                environment_call_exception_handler
                0x00000000800000cc                environment_break_exception_handler
                0x0000000080000168                default_exception_handler
                0x0000000080000210                instruction_address_misaligned_exception_handler
                0x00000000800002b4                instruction_access_fault_exception_handler
                0x0000000080000354                illegal_instruction_exception_handler
                0x00000000800003f8                load_address_misaligned_exception_handler
                0x000000008000049c                store_address_misaligned_exception_handler
                0x0000000080000540                load_access_fault_exception_handler
                0x00000000800005e4                store_access_fault_exception_handler
                0x0000000080000688                default_interrupt_handler
                0x0000000080000688                nic_rx_interrupt_handler
                0x0000000080000688                blkdev_interrupt_handler
                0x0000000080000688                nic_tx_interrupt_handler
 .minirisc_irq_handlers
                0x0000000080000728       0xa4 build/FreeRTOS/portable/GCC/Mini-RISC/port.o
                0x0000000080000728                timer_interrupt_handler
 .minirisc_irq_handlers
                0x00000000800007cc      0x190 build/support/uart.o
                0x00000000800007cc                uart_rx_interrupt_handler
                0x00000000800008a0                uart_tx_interrupt_handler
 .minirisc_irq_handlers
                0x000000008000095c       0xd4 build/audio_server.o
                0x000000008000095c                audio_interrupt_handler
 .minirisc_irq_handlers
                0x0000000080000a30      0x2f8 build/main.o
                0x0000000080000a30                mouse_interrupt_handler
                0x0000000080000b28                keyboard_interrupt_handler
                0x0000000080000c3c                video_interrupt_handler
 *fill*         0x0000000080000d28        0x8 
 .minirisc_irq_handlers
                0x0000000080000d30       0x80 build/minirisc/minirisc_init.o
 .minirisc_irq_handlers
                0x0000000080000db0      0x134 build/FreeRTOS/portable/GCC/Mini-RISC/portASM.o
                0x0000000080000db0                swi_interrupt_handler
                0x0000000080000ee4                . = ALIGN (0x4)

.text           0x0000000080000ee4    0x2556c
 *(.text.unlikely .text.*_unlikely .text.unlikely.*)
 *(.text.exit .text.exit.*)
 .text.exit     0x0000000080000ee4       0x2c /opt/gcc_MINIRISC/bin/../lib/gcc/riscv32-MINIRISC-elf/12.2.0/../../../../riscv32-MINIRISC-elf/lib/libc.a(libc_a-exit.o)
                0x0000000080000ee4                exit
 *(.text.startup .text.startup.*)
 .text.startup.register_fini
                0x0000000080000f10       0x18 /opt/gcc_MINIRISC/bin/../lib/gcc/riscv32-MINIRISC-elf/12.2.0/../../../../riscv32-MINIRISC-elf/lib/libc.a(libc_a-__call_atexit.o)
 *(.text.hot .text.hot.*)
 *(SORT_BY_NAME(.text.sorted.*))
 *(.text .stub .text.* .gnu.linkonce.t.*)
 .text          0x0000000080000f28       0x44 /opt/gcc_MINIRISC/bin/../lib/gcc/riscv32-MINIRISC-elf/12.2.0/../../../../riscv32-MINIRISC-elf/lib/crt0.o
                0x0000000080000f28                _start
 .text          0x0000000080000f6c       0x68 /opt/gcc_MINIRISC/bin/../lib/gcc/riscv32-MINIRISC-elf/12.2.0/crtbegin.o
 .text          0x0000000080000fd4       0x70 build/minirisc/minirisc.o
                0x0000000080000fd4                minirisc_halt
                0x0000000080000fe8                minirisc_enable_global_interrupts
                0x0000000080000ff0                minirisc_disable_global_interrupts
                0x0000000080000ff8                minirisc_wait_for_interrupt
                0x0000000080001000                minirisc_enable_interrupt
                0x0000000080001008                minirisc_disable_interrupt
                0x0000000080001010                minirisc_get_pending_interrupts
                0x0000000080001018                minirisc_raise_software_interrupt
                0x0000000080001024                minirisc_clear_software_interrupt
                0x0000000080001030                minirisc_nb_instruction_retired
 .text          0x0000000080001044      0xd30 build/xprintf/xprintf.o
                0x0000000080001610                xfputc
                0x0000000080001650                xputc
                0x0000000080001c38                xfputs
                0x0000000080001c7c                xputs
                0x0000000080001ca0                xprintf
                0x0000000080001ce8                xfprintf
                0x0000000080001d20                xsprintf
 .text          0x0000000080001d74     0x31e0 build/FreeRTOS/tasks.o
                0x0000000080002468                xTaskCreateStatic
                0x0000000080002550                xTaskCreate
                0x0000000080002634                vTaskDelete
                0x0000000080002764                eTaskGetState
                0x0000000080002834                uxTaskPriorityGet
                0x0000000080002864                uxTaskPriorityGetFromISR
                0x0000000080002878                vTaskPrioritySet
                0x0000000080002a30                vTaskResume
                0x0000000080002b34                xTaskResumeFromISR
                0x0000000080002c44                vTaskStartScheduler
                0x0000000080002cf4                vTaskEndScheduler
                0x0000000080002d14                vTaskSuspendAll
                0x0000000080002d24                xTaskGetTickCount
                0x0000000080002d2c                xTaskGetTickCountFromISR
                0x0000000080002d34                uxTaskGetNumberOfTasks
                0x0000000080002d3c                pcTaskGetName
                0x0000000080002d58                xTaskIncrementTick
                0x0000000080002f6c                xTaskResumeAll
                0x0000000080003174                xTaskDelayUntil
                0x0000000080003240                vTaskDelay
                0x00000000800032a0                xTaskCatchUpTicks
                0x0000000080003300                vTaskSwitchContext
                0x0000000080003480                vTaskSuspend
                0x00000000800035e8                vTaskPlaceOnEventList
                0x000000008000362c                vTaskPlaceOnUnorderedEventList
                0x00000000800036c0                vTaskPlaceOnEventListRestricted
                0x000000008000373c                xTaskRemoveFromEventList
                0x00000000800038a8                vTaskRemoveFromUnorderedEventList
                0x00000000800039e0                vTaskSetTimeOutState
                0x0000000080003a24                vTaskInternalSetTimeOutState
                0x0000000080003a38                xTaskCheckForTimeOut
                0x0000000080003b00                vTaskMissedYield
                0x0000000080003b0c                uxTaskGetTaskNumber
                0x0000000080003b20                vTaskSetTaskNumber
                0x0000000080003b2c                vTaskGetInfo
                0x0000000080003d04                uxTaskGetSystemState
                0x0000000080003e38                vTaskGetStackPointer
                0x0000000080003e80                vTaskColorFreeStack
                0x0000000080003f10                uxTaskGetStackHighWaterMark
                0x0000000080003f38                xTaskGetCurrentTaskHandle
                0x0000000080003f40                xTaskGetSchedulerState
                0x0000000080003f68                xTaskPriorityInherit
                0x00000000800040c8                xTaskPriorityDisinherit
                0x00000000800041f8                vTaskPriorityDisinheritAfterTimeout
                0x0000000080004340                vTaskList
                0x000000008000446c                vTaskGetRunTimeStats
                0x0000000080004650                uxTaskResetEventItemValue
                0x0000000080004674                pvTaskIncrementMutexHeldCount
                0x0000000080004694                ulTaskGenericNotifyTake
                0x00000000800047a8                xTaskGenericNotifyWait
                0x0000000080004904                xTaskGenericNotify
                0x0000000080004b04                xTaskGenericNotifyFromISR
                0x0000000080004d2c                vTaskGenericNotifyGiveFromISR
                0x0000000080004ea8                xTaskGenericNotifyStateClear
                0x0000000080004f08                ulTaskGenericNotifyValueClear
 .text          0x0000000080004f54      0x94c build/FreeRTOS/timers.o
                0x00000000800054f4                xTimerCreateTimerTask
                0x0000000080005568                xTimerCreate
                0x00000000800055f4                xTimerCreateStatic
                0x0000000080005650                xTimerGenericCommand
                0x00000000800056f4                xTimerGetTimerDaemonTaskHandle
                0x0000000080005708                xTimerGetPeriod
                0x000000008000571c                vTimerSetReloadMode
                0x0000000080005768                xTimerGetReloadMode
                0x00000000800057ac                uxTimerGetReloadMode
                0x00000000800057c4                xTimerGetExpiryTime
                0x00000000800057d8                pcTimerGetName
                0x00000000800057ec                xTimerIsTimerActive
                0x0000000080005830                pvTimerGetTimerID
                0x0000000080005860                vTimerSetTimerID
                0x0000000080005890                uxTimerGetTimerNumber
                0x0000000080005898                vTimerSetTimerNumber
 .text          0x00000000800058a0       0xe8 build/FreeRTOS/list.o
                0x00000000800058a0                vListInitialise
                0x00000000800058c0                vListInitialiseItem
                0x00000000800058c8                vListInsertEnd
                0x00000000800058f4                vListInsert
                0x0000000080005944                uxListRemove
 .text          0x0000000080005988     0x1938 build/FreeRTOS/queue.o
                0x0000000080005d40                xQueueGenericReset
                0x0000000080005e8c                xQueueGenericCreateStatic
                0x0000000080005f04                xQueueGenericCreate
                0x0000000080005fac                xQueueCreateCountingSemaphoreStatic
                0x0000000080006000                xQueueCreateCountingSemaphore
                0x000000008000604c                xQueueGenericSend
                0x00000000800062d0                xQueueCreateMutex
                0x0000000080006308                xQueueCreateMutexStatic
                0x0000000080006348                xQueueGiveMutexRecursive
                0x00000000800063c0                xQueueGenericSendFromISR
                0x0000000080006544                xQueueGiveFromISR
                0x0000000080006688                xQueueReceive
                0x0000000080006880                xQueueSemaphoreTake
                0x0000000080006b00                xQueueTakeMutexRecursive
                0x0000000080006b7c                xQueuePeek
                0x0000000080006d6c                xQueueReceiveFromISR
                0x0000000080006e70                xQueuePeekFromISR
                0x0000000080006eec                uxQueueMessagesWaiting
                0x0000000080006f1c                uxQueueSpacesAvailable
                0x0000000080006f54                uxQueueMessagesWaitingFromISR
                0x0000000080006f68                uxQueueGetQueueNumber
                0x0000000080006f70                vQueueSetQueueNumber
                0x0000000080006f78                ucQueueGetQueueType
                0x0000000080006f80                xQueueIsQueueEmptyFromISR
                0x0000000080006fa4                xQueueIsQueueFullFromISR
                0x0000000080006fcc                vQueueAddToRegistry
                0x000000008000704c                pcQueueGetName
                0x0000000080007098                vQueueUnregisterQueue
                0x00000000800070e4                vQueueDelete
                0x0000000080007128                vQueueWaitForMessageRestricted
                0x00000000800071b8                xQueueCreateSet
                0x00000000800071d8                xQueueAddToSet
                0x0000000080007220                xQueueRemoveFromSet
                0x0000000080007270                xQueueSelectFromSet
                0x0000000080007298                xQueueSelectFromSetFromISR
 .text          0x00000000800072c0        0x0 build/FreeRTOS/croutine.o
 .text          0x00000000800072c0      0xd20 build/FreeRTOS/stream_buffer.o
                0x0000000080007628                xStreamBufferGenericCreate
                0x0000000080007700                xStreamBufferGenericCreateStatic
                0x00000000800077ac                vStreamBufferDelete
                0x00000000800077ec                xStreamBufferReset
                0x0000000080007888                xStreamBufferSetTriggerLevel
                0x00000000800078b8                xStreamBufferSpacesAvailable
                0x00000000800078f4                xStreamBufferBytesAvailable
                0x0000000080007918                xStreamBufferSend
                0x0000000080007ae4                xStreamBufferSendFromISR
                0x0000000080007bc8                xStreamBufferReceive
                0x0000000080007d40                xStreamBufferNextMessageLengthBytes
                0x0000000080007db0                xStreamBufferReceiveFromISR
                0x0000000080007e88                xStreamBufferIsEmpty
                0x0000000080007eb0                xStreamBufferIsFull
                0x0000000080007f04                xStreamBufferSendCompletedFromISR
                0x0000000080007f64                xStreamBufferReceiveCompletedFromISR
                0x0000000080007fc4                uxStreamBufferGetStreamBufferNumber
                0x0000000080007fcc                vStreamBufferSetStreamBufferNumber
                0x0000000080007fd4                ucStreamBufferGetStreamBufferType
 .text          0x0000000080007fe0      0x5bc build/FreeRTOS/event_groups.o
                0x0000000080008014                xEventGroupCreateStatic
                0x0000000080008070                xEventGroupCreate
                0x00000000800080b0                xEventGroupWaitBits
                0x0000000080008238                xEventGroupClearBits
                0x0000000080008290                xEventGroupGetBitsFromISR
                0x0000000080008298                xEventGroupSetBits
                0x0000000080008390                xEventGroupSync
                0x00000000800084e0                vEventGroupDelete
                0x0000000080008550                vEventGroupSetBitsCallback
                0x0000000080008568                vEventGroupClearBitsCallback
                0x0000000080008580                uxEventGroupGetNumber
                0x0000000080008594                vEventGroupSetNumber
 .text          0x000000008000859c       0xd0 build/FreeRTOS/portable/MemMang/heap_3_nosuspend.o
                0x000000008000859c                pvPortMalloc
                0x00000000800085d0                vPortFree
                0x00000000800085f0                init_malloc_mutex
                0x0000000080008614                __malloc_lock
                0x0000000080008650                __malloc_unlock
 .text          0x000000008000866c      0x100 build/FreeRTOS/portable/GCC/Mini-RISC/port.o
                0x00000000800086d8                vPortSetupTimerInterrupt
                0x0000000080008714                xPortStartScheduler
                0x000000008000874c                vPortEndScheduler
                0x0000000080008750                pxPortInitialiseStack
 .text          0x000000008000876c      0x2d0 build/support/syscalls.o
                0x000000008000876c                _exit
                0x0000000080008780                _sbrk
                0x00000000800087dc                _write
                0x000000008000881c                _read
                0x0000000080008854                _gettimeofday
                0x0000000080008878                _open
                0x000000008000889c                _close
                0x00000000800088d0                _isatty
                0x0000000080008904                _fstat
                0x00000000800089ac                _stat
                0x00000000800089d0                _lseek
                0x00000000800089f4                _unlink
                0x0000000080008a18                _link
 .text          0x0000000080008a3c       0xf8 build/support/freertos_support.o
                0x0000000080008a3c                vApplicationGetIdleTaskMemory
                0x0000000080008a58                vApplicationGetTimerTaskMemory
                0x0000000080008a78                configure_timer_for_run_time_stats
                0x0000000080008a7c                get_run_time_counter_value
                0x0000000080008a8c                vApplicationStackOverflowHook
                0x0000000080008ac4                vApplicationMallocFailedHook
                0x0000000080008aec                vApplicationIdleHook
                0x0000000080008b04                usleep
 .text          0x0000000080008b34      0x224 build/support/uart.o
                0x0000000080008bcc                uart_read
                0x0000000080008c60                uart_write
                0x0000000080008cfc                init_uart
 .text          0x0000000080008d58      0x994 build/audio_server.o
                0x0000000080009288                init_audio_mixer
                0x0000000080009318                Mix_QuerySpec
                0x0000000080009370                Mix_SetPanning
                0x0000000080009430                Mix_Volume
                0x00000000800094bc                Mix_MasterVolume
                0x00000000800094e4                Mix_HaltChannel
                0x0000000080009564                Mix_Playing
                0x00000000800095ec                Mix_PlayChannel
 .text          0x00000000800096ec      0x6f4 build/main.o
                0x00000000800096ec                T_task
                0x000000008000995c                init_video
                0x00000000800099c4                hue_to_color
                0x0000000080009a74                draw_square
                0x0000000080009b08                draw_disk
                0x0000000080009be0                aff_task
                0x0000000080009d40                main
 .text          0x0000000080009de0        0x0 build/samples.o
 .text          0x0000000080009de0        0x0 build/minirisc/minirisc_init.o
 .text          0x0000000080009de0       0x9c build/FreeRTOS/portable/GCC/Mini-RISC/portASM.o
                0x0000000080009de0                xPortStartFirstTask
 .text          0x0000000080009e7c       0x88 /opt/gcc_MINIRISC/bin/../lib/gcc/riscv32-MINIRISC-elf/12.2.0/libgcc.a(_clzsi2.o)
                0x0000000080009e7c                __clzsi2
 .text          0x0000000080009f04      0x4b8 /opt/gcc_MINIRISC/bin/../lib/gcc/riscv32-MINIRISC-elf/12.2.0/libgcc.a(_udivdi3.o)
                0x0000000080009f04                __udivdi3
 .text          0x000000008000a3bc      0x478 /opt/gcc_MINIRISC/bin/../lib/gcc/riscv32-MINIRISC-elf/12.2.0/libgcc.a(_umoddi3.o)
                0x000000008000a3bc                __umoddi3
 .text          0x000000008000a834      0x8c8 /opt/gcc_MINIRISC/bin/../lib/gcc/riscv32-MINIRISC-elf/12.2.0/libgcc.a(adddf3.o)
                0x000000008000a834                __adddf3
 .text          0x000000008000b0fc      0x784 /opt/gcc_MINIRISC/bin/../lib/gcc/riscv32-MINIRISC-elf/12.2.0/libgcc.a(divdf3.o)
                0x000000008000b0fc                __divdf3
 .text          0x000000008000b880       0x8c /opt/gcc_MINIRISC/bin/../lib/gcc/riscv32-MINIRISC-elf/12.2.0/libgcc.a(eqdf2.o)
                0x000000008000b880                __eqdf2
                0x000000008000b880                __nedf2
 .text          0x000000008000b90c      0x104 /opt/gcc_MINIRISC/bin/../lib/gcc/riscv32-MINIRISC-elf/12.2.0/libgcc.a(gedf2.o)
                0x000000008000b90c                __gtdf2
                0x000000008000b90c                __gedf2
 .text          0x000000008000ba10      0x100 /opt/gcc_MINIRISC/bin/../lib/gcc/riscv32-MINIRISC-elf/12.2.0/libgcc.a(ledf2.o)
                0x000000008000ba10                __ltdf2
                0x000000008000ba10                __ledf2
 .text          0x000000008000bb10      0x724 /opt/gcc_MINIRISC/bin/../lib/gcc/riscv32-MINIRISC-elf/12.2.0/libgcc.a(muldf3.o)
                0x000000008000bb10                __muldf3
 .text          0x000000008000c234      0x914 /opt/gcc_MINIRISC/bin/../lib/gcc/riscv32-MINIRISC-elf/12.2.0/libgcc.a(subdf3.o)
                0x000000008000c234                __subdf3
 .text          0x000000008000cb48       0x54 /opt/gcc_MINIRISC/bin/../lib/gcc/riscv32-MINIRISC-elf/12.2.0/libgcc.a(unorddf2.o)
                0x000000008000cb48                __unorddf2
 .text          0x000000008000cb9c       0x84 /opt/gcc_MINIRISC/bin/../lib/gcc/riscv32-MINIRISC-elf/12.2.0/libgcc.a(fixdfsi.o)
                0x000000008000cb9c                __fixdfsi
 .text          0x000000008000cc20       0xb8 /opt/gcc_MINIRISC/bin/../lib/gcc/riscv32-MINIRISC-elf/12.2.0/libgcc.a(floatsidf.o)
                0x000000008000cc20                __floatsidf
 .text          0x000000008000ccd8        0x0 /opt/gcc_MINIRISC/bin/../lib/gcc/riscv32-MINIRISC-elf/12.2.0/libgcc.a(_clz.o)
 .text          0x000000008000ccd8        0x0 /opt/gcc_MINIRISC/bin/../lib/gcc/riscv32-MINIRISC-elf/12.2.0/../../../../riscv32-MINIRISC-elf/lib/libc.a(libc_a-atexit.o)
 .text.atexit   0x000000008000ccd8       0x14 /opt/gcc_MINIRISC/bin/../lib/gcc/riscv32-MINIRISC-elf/12.2.0/../../../../riscv32-MINIRISC-elf/lib/libc.a(libc_a-atexit.o)
                0x000000008000ccd8                atexit
 .text          0x000000008000ccec        0x0 /opt/gcc_MINIRISC/bin/../lib/gcc/riscv32-MINIRISC-elf/12.2.0/../../../../riscv32-MINIRISC-elf/lib/libc.a(libc_a-exit.o)
 .text          0x000000008000ccec        0x0 /opt/gcc_MINIRISC/bin/../lib/gcc/riscv32-MINIRISC-elf/12.2.0/../../../../riscv32-MINIRISC-elf/lib/libc.a(libc_a-malloc.o)
 .text.malloc   0x000000008000ccec        0xc /opt/gcc_MINIRISC/bin/../lib/gcc/riscv32-MINIRISC-elf/12.2.0/../../../../riscv32-MINIRISC-elf/lib/libc.a(libc_a-malloc.o)
                0x000000008000ccec                malloc
 .text.free     0x000000008000ccf8        0xc /opt/gcc_MINIRISC/bin/../lib/gcc/riscv32-MINIRISC-elf/12.2.0/../../../../riscv32-MINIRISC-elf/lib/libc.a(libc_a-malloc.o)
                0x000000008000ccf8                free
 .text          0x000000008000cd04        0x0 /opt/gcc_MINIRISC/bin/../lib/gcc/riscv32-MINIRISC-elf/12.2.0/../../../../riscv32-MINIRISC-elf/lib/libc.a(libc_a-mallocr.o)
 .text._malloc_r
                0x000000008000cd04      0x794 /opt/gcc_MINIRISC/bin/../lib/gcc/riscv32-MINIRISC-elf/12.2.0/../../../../riscv32-MINIRISC-elf/lib/libc.a(libc_a-mallocr.o)
                0x000000008000cd04                _malloc_r
 .text          0x000000008000d498        0x0 /opt/gcc_MINIRISC/bin/../lib/gcc/riscv32-MINIRISC-elf/12.2.0/../../../../riscv32-MINIRISC-elf/lib/libc.a(libc_a-findfp.o)
 .text.__fp_lock
                0x000000008000d498        0x8 /opt/gcc_MINIRISC/bin/../lib/gcc/riscv32-MINIRISC-elf/12.2.0/../../../../riscv32-MINIRISC-elf/lib/libc.a(libc_a-findfp.o)
 .text.stdio_exit_handler
                0x000000008000d4a0       0x1c /opt/gcc_MINIRISC/bin/../lib/gcc/riscv32-MINIRISC-elf/12.2.0/../../../../riscv32-MINIRISC-elf/lib/libc.a(libc_a-findfp.o)
 .text.cleanup_stdio
                0x000000008000d4bc       0x70 /opt/gcc_MINIRISC/bin/../lib/gcc/riscv32-MINIRISC-elf/12.2.0/../../../../riscv32-MINIRISC-elf/lib/libc.a(libc_a-findfp.o)
 .text.__fp_unlock
                0x000000008000d52c        0x8 /opt/gcc_MINIRISC/bin/../lib/gcc/riscv32-MINIRISC-elf/12.2.0/../../../../riscv32-MINIRISC-elf/lib/libc.a(libc_a-findfp.o)
 .text.global_stdio_init.part.0
                0x000000008000d534      0x16c /opt/gcc_MINIRISC/bin/../lib/gcc/riscv32-MINIRISC-elf/12.2.0/../../../../riscv32-MINIRISC-elf/lib/libc.a(libc_a-findfp.o)
 .text.__sfp    0x000000008000d6a0      0x128 /opt/gcc_MINIRISC/bin/../lib/gcc/riscv32-MINIRISC-elf/12.2.0/../../../../riscv32-MINIRISC-elf/lib/libc.a(libc_a-findfp.o)
                0x000000008000d6a0                __sfp
 .text.__sinit  0x000000008000d7c8       0x24 /opt/gcc_MINIRISC/bin/../lib/gcc/riscv32-MINIRISC-elf/12.2.0/../../../../riscv32-MINIRISC-elf/lib/libc.a(libc_a-findfp.o)
                0x000000008000d7c8                __sinit
 .text.__sfp_lock_acquire
                0x000000008000d7ec        0x4 /opt/gcc_MINIRISC/bin/../lib/gcc/riscv32-MINIRISC-elf/12.2.0/../../../../riscv32-MINIRISC-elf/lib/libc.a(libc_a-findfp.o)
                0x000000008000d7ec                __sfp_lock_acquire
 .text.__sfp_lock_release
                0x000000008000d7f0        0x4 /opt/gcc_MINIRISC/bin/../lib/gcc/riscv32-MINIRISC-elf/12.2.0/../../../../riscv32-MINIRISC-elf/lib/libc.a(libc_a-findfp.o)
                0x000000008000d7f0                __sfp_lock_release
 .text.__fp_lock_all
                0x000000008000d7f4       0x18 /opt/gcc_MINIRISC/bin/../lib/gcc/riscv32-MINIRISC-elf/12.2.0/../../../../riscv32-MINIRISC-elf/lib/libc.a(libc_a-findfp.o)
                0x000000008000d7f4                __fp_lock_all
 .text.__fp_unlock_all
                0x000000008000d80c       0x18 /opt/gcc_MINIRISC/bin/../lib/gcc/riscv32-MINIRISC-elf/12.2.0/../../../../riscv32-MINIRISC-elf/lib/libc.a(libc_a-findfp.o)
                0x000000008000d80c                __fp_unlock_all
 .text          0x000000008000d824        0x0 /opt/gcc_MINIRISC/bin/../lib/gcc/riscv32-MINIRISC-elf/12.2.0/../../../../riscv32-MINIRISC-elf/lib/libc.a(libc_a-fwalk.o)
 .text._fwalk_sglue
                0x000000008000d824       0xb4 /opt/gcc_MINIRISC/bin/../lib/gcc/riscv32-MINIRISC-elf/12.2.0/../../../../riscv32-MINIRISC-elf/lib/libc.a(libc_a-fwalk.o)
                0x000000008000d824                _fwalk_sglue
 .text          0x000000008000d8d8        0x0 /opt/gcc_MINIRISC/bin/../lib/gcc/riscv32-MINIRISC-elf/12.2.0/../../../../riscv32-MINIRISC-elf/lib/libc.a(libc_a-sprintf.o)
 .text._sprintf_r
                0x000000008000d8d8       0x6c /opt/gcc_MINIRISC/bin/../lib/gcc/riscv32-MINIRISC-elf/12.2.0/../../../../riscv32-MINIRISC-elf/lib/libc.a(libc_a-sprintf.o)
                0x000000008000d8d8                _sprintf_r
 .text.sprintf  0x000000008000d944       0x78 /opt/gcc_MINIRISC/bin/../lib/gcc/riscv32-MINIRISC-elf/12.2.0/../../../../riscv32-MINIRISC-elf/lib/libc.a(libc_a-sprintf.o)
                0x000000008000d944                sprintf
 .text          0x000000008000d9bc        0x0 /opt/gcc_MINIRISC/bin/../lib/gcc/riscv32-MINIRISC-elf/12.2.0/../../../../riscv32-MINIRISC-elf/lib/libc.a(libc_a-stdio.o)
 .text.__sread  0x000000008000d9bc       0x5c /opt/gcc_MINIRISC/bin/../lib/gcc/riscv32-MINIRISC-elf/12.2.0/../../../../riscv32-MINIRISC-elf/lib/libc.a(libc_a-stdio.o)
                0x000000008000d9bc                __sread
 .text.__seofread
                0x000000008000da18        0x8 /opt/gcc_MINIRISC/bin/../lib/gcc/riscv32-MINIRISC-elf/12.2.0/../../../../riscv32-MINIRISC-elf/lib/libc.a(libc_a-stdio.o)
                0x000000008000da18                __seofread
 .text.__swrite
                0x000000008000da20       0x88 /opt/gcc_MINIRISC/bin/../lib/gcc/riscv32-MINIRISC-elf/12.2.0/../../../../riscv32-MINIRISC-elf/lib/libc.a(libc_a-stdio.o)
                0x000000008000da20                __swrite
 .text.__sseek  0x000000008000daa8       0x78 /opt/gcc_MINIRISC/bin/../lib/gcc/riscv32-MINIRISC-elf/12.2.0/../../../../riscv32-MINIRISC-elf/lib/libc.a(libc_a-stdio.o)
                0x000000008000daa8                __sseek
 .text.__sclose
                0x000000008000db20        0x8 /opt/gcc_MINIRISC/bin/../lib/gcc/riscv32-MINIRISC-elf/12.2.0/../../../../riscv32-MINIRISC-elf/lib/libc.a(libc_a-stdio.o)
                0x000000008000db20                __sclose
 .text          0x000000008000db28        0x0 /opt/gcc_MINIRISC/bin/../lib/gcc/riscv32-MINIRISC-elf/12.2.0/../../../../riscv32-MINIRISC-elf/lib/libc.a(libc_a-closer.o)
 .text._close_r
                0x000000008000db28       0x50 /opt/gcc_MINIRISC/bin/../lib/gcc/riscv32-MINIRISC-elf/12.2.0/../../../../riscv32-MINIRISC-elf/lib/libc.a(libc_a-closer.o)
                0x000000008000db28                _close_r
 .text          0x000000008000db78        0x0 /opt/gcc_MINIRISC/bin/../lib/gcc/riscv32-MINIRISC-elf/12.2.0/../../../../riscv32-MINIRISC-elf/lib/libc.a(libc_a-reent.o)
 .text._reclaim_reent
                0x000000008000db78       0xd0 /opt/gcc_MINIRISC/bin/../lib/gcc/riscv32-MINIRISC-elf/12.2.0/../../../../riscv32-MINIRISC-elf/lib/libc.a(libc_a-reent.o)
                0x000000008000db78                _reclaim_reent
 .text          0x000000008000dc48        0x0 /opt/gcc_MINIRISC/bin/../lib/gcc/riscv32-MINIRISC-elf/12.2.0/../../../../riscv32-MINIRISC-elf/lib/libc.a(libc_a-impure.o)
 .text          0x000000008000dc48        0x0 /opt/gcc_MINIRISC/bin/../lib/gcc/riscv32-MINIRISC-elf/12.2.0/../../../../riscv32-MINIRISC-elf/lib/libc.a(libc_a-lseekr.o)
 .text._lseek_r
                0x000000008000dc48       0x5c /opt/gcc_MINIRISC/bin/../lib/gcc/riscv32-MINIRISC-elf/12.2.0/../../../../riscv32-MINIRISC-elf/lib/libc.a(libc_a-lseekr.o)
                0x000000008000dc48                _lseek_r
 .text          0x000000008000dca4        0x0 /opt/gcc_MINIRISC/bin/../lib/gcc/riscv32-MINIRISC-elf/12.2.0/../../../../riscv32-MINIRISC-elf/lib/libc.a(libc_a-readr.o)
 .text._read_r  0x000000008000dca4       0x5c /opt/gcc_MINIRISC/bin/../lib/gcc/riscv32-MINIRISC-elf/12.2.0/../../../../riscv32-MINIRISC-elf/lib/libc.a(libc_a-readr.o)
                0x000000008000dca4                _read_r
 .text          0x000000008000dd00        0x0 /opt/gcc_MINIRISC/bin/../lib/gcc/riscv32-MINIRISC-elf/12.2.0/../../../../riscv32-MINIRISC-elf/lib/libc.a(libc_a-sbrkr.o)
 .text._sbrk_r  0x000000008000dd00       0x50 /opt/gcc_MINIRISC/bin/../lib/gcc/riscv32-MINIRISC-elf/12.2.0/../../../../riscv32-MINIRISC-elf/lib/libc.a(libc_a-sbrkr.o)
                0x000000008000dd00                _sbrk_r
 .text          0x000000008000dd50        0x0 /opt/gcc_MINIRISC/bin/../lib/gcc/riscv32-MINIRISC-elf/12.2.0/../../../../riscv32-MINIRISC-elf/lib/libc.a(libc_a-writer.o)
 .text._write_r
                0x000000008000dd50       0x5c /opt/gcc_MINIRISC/bin/../lib/gcc/riscv32-MINIRISC-elf/12.2.0/../../../../riscv32-MINIRISC-elf/lib/libc.a(libc_a-writer.o)
                0x000000008000dd50                _write_r
 .text          0x000000008000ddac        0x0 /opt/gcc_MINIRISC/bin/../lib/gcc/riscv32-MINIRISC-elf/12.2.0/../../../../riscv32-MINIRISC-elf/lib/libc.a(libc_a-errno.o)
 .text.__errno  0x000000008000ddac        0x8 /opt/gcc_MINIRISC/bin/../lib/gcc/riscv32-MINIRISC-elf/12.2.0/../../../../riscv32-MINIRISC-elf/lib/libc.a(libc_a-errno.o)
                0x000000008000ddac                __errno
 .text          0x000000008000ddb4        0x0 /opt/gcc_MINIRISC/bin/../lib/gcc/riscv32-MINIRISC-elf/12.2.0/../../../../riscv32-MINIRISC-elf/lib/libc.a(libc_a-init.o)
 .text.__libc_init_array
                0x000000008000ddb4       0x8c /opt/gcc_MINIRISC/bin/../lib/gcc/riscv32-MINIRISC-elf/12.2.0/../../../../riscv32-MINIRISC-elf/lib/libc.a(libc_a-init.o)
                0x000000008000ddb4                __libc_init_array
 .text          0x000000008000de40        0x0 /opt/gcc_MINIRISC/bin/../lib/gcc/riscv32-MINIRISC-elf/12.2.0/../../../../riscv32-MINIRISC-elf/lib/libc.a(libc_a-fini.o)
 .text.__libc_fini_array
                0x000000008000de40       0x5c /opt/gcc_MINIRISC/bin/../lib/gcc/riscv32-MINIRISC-elf/12.2.0/../../../../riscv32-MINIRISC-elf/lib/libc.a(libc_a-fini.o)
                0x000000008000de40                __libc_fini_array
 .text          0x000000008000de9c       0xdc /opt/gcc_MINIRISC/bin/../lib/gcc/riscv32-MINIRISC-elf/12.2.0/../../../../riscv32-MINIRISC-elf/lib/libc.a(libc_a-memset.o)
                0x000000008000de9c                memset
 .text          0x000000008000df78        0x0 /opt/gcc_MINIRISC/bin/../lib/gcc/riscv32-MINIRISC-elf/12.2.0/../../../../riscv32-MINIRISC-elf/lib/libc.a(libc_a-memcpy.o)
 .text.memcpy   0x000000008000df78      0x1a4 /opt/gcc_MINIRISC/bin/../lib/gcc/riscv32-MINIRISC-elf/12.2.0/../../../../riscv32-MINIRISC-elf/lib/libc.a(libc_a-memcpy.o)
                0x000000008000df78                memcpy
 .text          0x000000008000e11c        0x0 /opt/gcc_MINIRISC/bin/../lib/gcc/riscv32-MINIRISC-elf/12.2.0/../../../../riscv32-MINIRISC-elf/lib/libc.a(libc_a-strlen.o)
 .text.strlen   0x000000008000e11c       0x8c /opt/gcc_MINIRISC/bin/../lib/gcc/riscv32-MINIRISC-elf/12.2.0/../../../../riscv32-MINIRISC-elf/lib/libc.a(libc_a-strlen.o)
                0x000000008000e11c                strlen
 .text          0x000000008000e1a8        0x0 /opt/gcc_MINIRISC/bin/../lib/gcc/riscv32-MINIRISC-elf/12.2.0/../../../../riscv32-MINIRISC-elf/lib/libc.a(libc_a-strcpy.o)
 .text.strcpy   0x000000008000e1a8       0xb0 /opt/gcc_MINIRISC/bin/../lib/gcc/riscv32-MINIRISC-elf/12.2.0/../../../../riscv32-MINIRISC-elf/lib/libc.a(libc_a-strcpy.o)
                0x000000008000e1a8                strcpy
 .text          0x000000008000e258        0x0 /opt/gcc_MINIRISC/bin/../lib/gcc/riscv32-MINIRISC-elf/12.2.0/../../../../riscv32-MINIRISC-elf/lib/libc.a(libc_a-__atexit.o)
 .text.__register_exitproc
                0x000000008000e258       0x9c /opt/gcc_MINIRISC/bin/../lib/gcc/riscv32-MINIRISC-elf/12.2.0/../../../../riscv32-MINIRISC-elf/lib/libc.a(libc_a-__atexit.o)
                0x000000008000e258                __register_exitproc
 .text          0x000000008000e2f4        0x0 /opt/gcc_MINIRISC/bin/../lib/gcc/riscv32-MINIRISC-elf/12.2.0/../../../../riscv32-MINIRISC-elf/lib/libc.a(libc_a-__call_atexit.o)
 .text.__call_exitprocs
                0x000000008000e2f4      0x120 /opt/gcc_MINIRISC/bin/../lib/gcc/riscv32-MINIRISC-elf/12.2.0/../../../../riscv32-MINIRISC-elf/lib/libc.a(libc_a-__call_atexit.o)
                0x000000008000e2f4                __call_exitprocs
 .text          0x000000008000e414        0x0 /opt/gcc_MINIRISC/bin/../lib/gcc/riscv32-MINIRISC-elf/12.2.0/../../../../riscv32-MINIRISC-elf/lib/libc.a(libc_a-freer.o)
 .text._malloc_trim_r
                0x000000008000e414      0x13c /opt/gcc_MINIRISC/bin/../lib/gcc/riscv32-MINIRISC-elf/12.2.0/../../../../riscv32-MINIRISC-elf/lib/libc.a(libc_a-freer.o)
                0x000000008000e414                _malloc_trim_r
 .text._free_r  0x000000008000e550      0x304 /opt/gcc_MINIRISC/bin/../lib/gcc/riscv32-MINIRISC-elf/12.2.0/../../../../riscv32-MINIRISC-elf/lib/libc.a(libc_a-freer.o)
                0x000000008000e550                _free_r
 .text          0x000000008000e854        0x0 /opt/gcc_MINIRISC/bin/../lib/gcc/riscv32-MINIRISC-elf/12.2.0/../../../../riscv32-MINIRISC-elf/lib/libc.a(libc_a-svfprintf.o)
 .text.get_arg  0x000000008000e854     0x105c /opt/gcc_MINIRISC/bin/../lib/gcc/riscv32-MINIRISC-elf/12.2.0/../../../../riscv32-MINIRISC-elf/lib/libc.a(libc_a-svfprintf.o)
 .text._svfprintf_r
                0x000000008000f8b0     0x445c /opt/gcc_MINIRISC/bin/../lib/gcc/riscv32-MINIRISC-elf/12.2.0/../../../../riscv32-MINIRISC-elf/lib/libc.a(libc_a-svfprintf.o)
                0x000000008000f8b0                _svfprintf_r
 .text          0x0000000080013d0c        0x0 /opt/gcc_MINIRISC/bin/../lib/gcc/riscv32-MINIRISC-elf/12.2.0/../../../../riscv32-MINIRISC-elf/lib/libc.a(libc_a-fclose.o)
 .text._fclose_r
                0x0000000080013d0c      0x108 /opt/gcc_MINIRISC/bin/../lib/gcc/riscv32-MINIRISC-elf/12.2.0/../../../../riscv32-MINIRISC-elf/lib/libc.a(libc_a-fclose.o)
                0x0000000080013d0c                _fclose_r
 .text.fclose   0x0000000080013e14        0xc /opt/gcc_MINIRISC/bin/../lib/gcc/riscv32-MINIRISC-elf/12.2.0/../../../../riscv32-MINIRISC-elf/lib/libc.a(libc_a-fclose.o)
                0x0000000080013e14                fclose
 .text          0x0000000080013e20        0x0 /opt/gcc_MINIRISC/bin/../lib/gcc/riscv32-MINIRISC-elf/12.2.0/../../../../riscv32-MINIRISC-elf/lib/libc.a(libc_a-fflush.o)
 .text.__sflush_r
                0x0000000080013e20      0x24c /opt/gcc_MINIRISC/bin/../lib/gcc/riscv32-MINIRISC-elf/12.2.0/../../../../riscv32-MINIRISC-elf/lib/libc.a(libc_a-fflush.o)
                0x0000000080013e20                __sflush_r
 .text._fflush_r
                0x000000008001406c       0x5c /opt/gcc_MINIRISC/bin/../lib/gcc/riscv32-MINIRISC-elf/12.2.0/../../../../riscv32-MINIRISC-elf/lib/libc.a(libc_a-fflush.o)
                0x000000008001406c                _fflush_r
 .text.fflush   0x00000000800140c8       0x88 /opt/gcc_MINIRISC/bin/../lib/gcc/riscv32-MINIRISC-elf/12.2.0/../../../../riscv32-MINIRISC-elf/lib/libc.a(libc_a-fflush.o)
                0x00000000800140c8                fflush
 .text          0x0000000080014150        0x0 /opt/gcc_MINIRISC/bin/../lib/gcc/riscv32-MINIRISC-elf/12.2.0/../../../../riscv32-MINIRISC-elf/lib/libc.a(libc_a-memchr.o)
 .text.memchr   0x0000000080014150       0xc4 /opt/gcc_MINIRISC/bin/../lib/gcc/riscv32-MINIRISC-elf/12.2.0/../../../../riscv32-MINIRISC-elf/lib/libc.a(libc_a-memchr.o)
                0x0000000080014150                memchr
 .text          0x0000000080014214        0x0 /opt/gcc_MINIRISC/bin/../lib/gcc/riscv32-MINIRISC-elf/12.2.0/../../../../riscv32-MINIRISC-elf/lib/libc.a(libc_a-strncpy.o)
 .text.strncpy  0x0000000080014214       0xac /opt/gcc_MINIRISC/bin/../lib/gcc/riscv32-MINIRISC-elf/12.2.0/../../../../riscv32-MINIRISC-elf/lib/libc.a(libc_a-strncpy.o)
                0x0000000080014214                strncpy
 .text          0x00000000800142c0        0x0 /opt/gcc_MINIRISC/bin/../lib/gcc/riscv32-MINIRISC-elf/12.2.0/../../../../riscv32-MINIRISC-elf/lib/libc.a(libc_a-locale.o)
 .text.currentlocale
                0x00000000800142c0       0xd8 /opt/gcc_MINIRISC/bin/../lib/gcc/riscv32-MINIRISC-elf/12.2.0/../../../../riscv32-MINIRISC-elf/lib/libc.a(libc_a-locale.o)
 .text.__loadlocale
                0x0000000080014398      0x764 /opt/gcc_MINIRISC/bin/../lib/gcc/riscv32-MINIRISC-elf/12.2.0/../../../../riscv32-MINIRISC-elf/lib/libc.a(libc_a-locale.o)
                0x0000000080014398                __loadlocale
 .text.__get_locale_env
                0x0000000080014afc       0x90 /opt/gcc_MINIRISC/bin/../lib/gcc/riscv32-MINIRISC-elf/12.2.0/../../../../riscv32-MINIRISC-elf/lib/libc.a(libc_a-locale.o)
                0x0000000080014afc                __get_locale_env
 .text._setlocale_r
                0x0000000080014b8c      0x3f0 /opt/gcc_MINIRISC/bin/../lib/gcc/riscv32-MINIRISC-elf/12.2.0/../../../../riscv32-MINIRISC-elf/lib/libc.a(libc_a-locale.o)
                0x0000000080014b8c                _setlocale_r
 .text.__locale_mb_cur_max
                0x0000000080014f7c        0xc /opt/gcc_MINIRISC/bin/../lib/gcc/riscv32-MINIRISC-elf/12.2.0/../../../../riscv32-MINIRISC-elf/lib/libc.a(libc_a-locale.o)
                0x0000000080014f7c                __locale_mb_cur_max
 .text.setlocale
                0x0000000080014f88       0x10 /opt/gcc_MINIRISC/bin/../lib/gcc/riscv32-MINIRISC-elf/12.2.0/../../../../riscv32-MINIRISC-elf/lib/libc.a(libc_a-locale.o)
                0x0000000080014f88                setlocale
 .text          0x0000000080014f98        0x0 /opt/gcc_MINIRISC/bin/../lib/gcc/riscv32-MINIRISC-elf/12.2.0/../../../../riscv32-MINIRISC-elf/lib/libc.a(libc_a-localeconv.o)
 .text.__localeconv_l
                0x0000000080014f98        0x8 /opt/gcc_MINIRISC/bin/../lib/gcc/riscv32-MINIRISC-elf/12.2.0/../../../../riscv32-MINIRISC-elf/lib/libc.a(libc_a-localeconv.o)
                0x0000000080014f98                __localeconv_l
 .text._localeconv_r
                0x0000000080014fa0        0xc /opt/gcc_MINIRISC/bin/../lib/gcc/riscv32-MINIRISC-elf/12.2.0/../../../../riscv32-MINIRISC-elf/lib/libc.a(libc_a-localeconv.o)
                0x0000000080014fa0                _localeconv_r
 .text.localeconv
                0x0000000080014fac        0xc /opt/gcc_MINIRISC/bin/../lib/gcc/riscv32-MINIRISC-elf/12.2.0/../../../../riscv32-MINIRISC-elf/lib/libc.a(libc_a-localeconv.o)
                0x0000000080014fac                localeconv
 .text          0x0000000080014fb8      0x17c /opt/gcc_MINIRISC/bin/../lib/gcc/riscv32-MINIRISC-elf/12.2.0/../../../../riscv32-MINIRISC-elf/lib/libc.a(libc_a-strcmp.o)
                0x0000000080014fb8                strcmp
 .text          0x0000000080015134        0x0 /opt/gcc_MINIRISC/bin/../lib/gcc/riscv32-MINIRISC-elf/12.2.0/../../../../riscv32-MINIRISC-elf/lib/libc.a(libm_a-frexpl.o)
 .text.frexpl   0x0000000080015134      0x190 /opt/gcc_MINIRISC/bin/../lib/gcc/riscv32-MINIRISC-elf/12.2.0/../../../../riscv32-MINIRISC-elf/lib/libc.a(libm_a-frexpl.o)
                0x0000000080015134                frexpl
 .text          0x00000000800152c4        0x0 /opt/gcc_MINIRISC/bin/../lib/gcc/riscv32-MINIRISC-elf/12.2.0/../../../../riscv32-MINIRISC-elf/lib/libc.a(libc_a-getenv_r.o)
 .text._findenv_r
                0x00000000800152c4      0x104 /opt/gcc_MINIRISC/bin/../lib/gcc/riscv32-MINIRISC-elf/12.2.0/../../../../riscv32-MINIRISC-elf/lib/libc.a(libc_a-getenv_r.o)
                0x00000000800152c4                _findenv_r
 .text._getenv_r
                0x00000000800153c8       0x1c /opt/gcc_MINIRISC/bin/../lib/gcc/riscv32-MINIRISC-elf/12.2.0/../../../../riscv32-MINIRISC-elf/lib/libc.a(libc_a-getenv_r.o)
                0x00000000800153c8                _getenv_r
 .text          0x00000000800153e4        0x0 /opt/gcc_MINIRISC/bin/../lib/gcc/riscv32-MINIRISC-elf/12.2.0/../../../../riscv32-MINIRISC-elf/lib/libc.a(libc_a-gdtoa-ldtoa.o)
 .text._ldtoa_r
                0x00000000800153e4      0x2dc /opt/gcc_MINIRISC/bin/../lib/gcc/riscv32-MINIRISC-elf/12.2.0/../../../../riscv32-MINIRISC-elf/lib/libc.a(libc_a-gdtoa-ldtoa.o)
                0x00000000800153e4                _ldtoa_r
 .text._ldcheck
                0x00000000800156c0      0x100 /opt/gcc_MINIRISC/bin/../lib/gcc/riscv32-MINIRISC-elf/12.2.0/../../../../riscv32-MINIRISC-elf/lib/libc.a(libc_a-gdtoa-ldtoa.o)
                0x00000000800156c0                _ldcheck
 .text          0x00000000800157c0        0x0 /opt/gcc_MINIRISC/bin/../lib/gcc/riscv32-MINIRISC-elf/12.2.0/../../../../riscv32-MINIRISC-elf/lib/libc.a(libc_a-gdtoa-gdtoa.o)
 .text.__gdtoa  0x00000000800157c0     0x1b50 /opt/gcc_MINIRISC/bin/../lib/gcc/riscv32-MINIRISC-elf/12.2.0/../../../../riscv32-MINIRISC-elf/lib/libc.a(libc_a-gdtoa-gdtoa.o)
                0x00000000800157c0                __gdtoa
 .text          0x0000000080017310        0x0 /opt/gcc_MINIRISC/bin/../lib/gcc/riscv32-MINIRISC-elf/12.2.0/../../../../riscv32-MINIRISC-elf/lib/libc.a(libc_a-gdtoa-dmisc.o)
 .text.__rv_alloc_D2A
                0x0000000080017310       0x50 /opt/gcc_MINIRISC/bin/../lib/gcc/riscv32-MINIRISC-elf/12.2.0/../../../../riscv32-MINIRISC-elf/lib/libc.a(libc_a-gdtoa-dmisc.o)
                0x0000000080017310                __rv_alloc_D2A
 .text.__nrv_alloc_D2A
                0x0000000080017360       0xac /opt/gcc_MINIRISC/bin/../lib/gcc/riscv32-MINIRISC-elf/12.2.0/../../../../riscv32-MINIRISC-elf/lib/libc.a(libc_a-gdtoa-dmisc.o)
                0x0000000080017360                __nrv_alloc_D2A
 .text.__freedtoa
                0x000000008001740c       0x20 /opt/gcc_MINIRISC/bin/../lib/gcc/riscv32-MINIRISC-elf/12.2.0/../../../../riscv32-MINIRISC-elf/lib/libc.a(libc_a-gdtoa-dmisc.o)
                0x000000008001740c                __freedtoa
 .text.__quorem_D2A
                0x000000008001742c      0x1ec /opt/gcc_MINIRISC/bin/../lib/gcc/riscv32-MINIRISC-elf/12.2.0/../../../../riscv32-MINIRISC-elf/lib/libc.a(libc_a-gdtoa-dmisc.o)
                0x000000008001742c                __quorem_D2A
 .text          0x0000000080017618        0x0 /opt/gcc_MINIRISC/bin/../lib/gcc/riscv32-MINIRISC-elf/12.2.0/../../../../riscv32-MINIRISC-elf/lib/libc.a(libc_a-gdtoa-gmisc.o)
 .text.__rshift_D2A
                0x0000000080017618       0xe4 /opt/gcc_MINIRISC/bin/../lib/gcc/riscv32-MINIRISC-elf/12.2.0/../../../../riscv32-MINIRISC-elf/lib/libc.a(libc_a-gdtoa-gmisc.o)
                0x0000000080017618                __rshift_D2A
 .text.__trailz_D2A
                0x00000000800176fc       0x64 /opt/gcc_MINIRISC/bin/../lib/gcc/riscv32-MINIRISC-elf/12.2.0/../../../../riscv32-MINIRISC-elf/lib/libc.a(libc_a-gdtoa-gmisc.o)
                0x00000000800176fc                __trailz_D2A
 .text          0x0000000080017760        0x0 /opt/gcc_MINIRISC/bin/../lib/gcc/riscv32-MINIRISC-elf/12.2.0/../../../../riscv32-MINIRISC-elf/lib/libc.a(libc_a-mbtowc_r.o)
 .text._mbtowc_r
                0x0000000080017760        0xc /opt/gcc_MINIRISC/bin/../lib/gcc/riscv32-MINIRISC-elf/12.2.0/../../../../riscv32-MINIRISC-elf/lib/libc.a(libc_a-mbtowc_r.o)
                0x0000000080017760                _mbtowc_r
 .text.__ascii_mbtowc
                0x000000008001776c       0x68 /opt/gcc_MINIRISC/bin/../lib/gcc/riscv32-MINIRISC-elf/12.2.0/../../../../riscv32-MINIRISC-elf/lib/libc.a(libc_a-mbtowc_r.o)
                0x000000008001776c                __ascii_mbtowc
 .text.__utf8_mbtowc
                0x00000000800177d4      0x2f8 /opt/gcc_MINIRISC/bin/../lib/gcc/riscv32-MINIRISC-elf/12.2.0/../../../../riscv32-MINIRISC-elf/lib/libc.a(libc_a-mbtowc_r.o)
                0x00000000800177d4                __utf8_mbtowc
 .text.__sjis_mbtowc
                0x0000000080017acc      0x170 /opt/gcc_MINIRISC/bin/../lib/gcc/riscv32-MINIRISC-elf/12.2.0/../../../../riscv32-MINIRISC-elf/lib/libc.a(libc_a-mbtowc_r.o)
                0x0000000080017acc                __sjis_mbtowc
 .text.__eucjp_mbtowc
                0x0000000080017c3c      0x20c /opt/gcc_MINIRISC/bin/../lib/gcc/riscv32-MINIRISC-elf/12.2.0/../../../../riscv32-MINIRISC-elf/lib/libc.a(libc_a-mbtowc_r.o)
                0x0000000080017c3c                __eucjp_mbtowc
 .text.__jis_mbtowc
                0x0000000080017e48      0x200 /opt/gcc_MINIRISC/bin/../lib/gcc/riscv32-MINIRISC-elf/12.2.0/../../../../riscv32-MINIRISC-elf/lib/libc.a(libc_a-mbtowc_r.o)
                0x0000000080017e48                __jis_mbtowc
 .text          0x0000000080018048        0x0 /opt/gcc_MINIRISC/bin/../lib/gcc/riscv32-MINIRISC-elf/12.2.0/../../../../riscv32-MINIRISC-elf/lib/libc.a(libc_a-mprec.o)
 .text._Balloc  0x0000000080018048       0xa8 /opt/gcc_MINIRISC/bin/../lib/gcc/riscv32-MINIRISC-elf/12.2.0/../../../../riscv32-MINIRISC-elf/lib/libc.a(libc_a-mprec.o)
                0x0000000080018048                _Balloc
 .text._Bfree   0x00000000800180f0       0x24 /opt/gcc_MINIRISC/bin/../lib/gcc/riscv32-MINIRISC-elf/12.2.0/../../../../riscv32-MINIRISC-elf/lib/libc.a(libc_a-mprec.o)
                0x00000000800180f0                _Bfree
 .text.__multadd
                0x0000000080018114      0x14c /opt/gcc_MINIRISC/bin/../lib/gcc/riscv32-MINIRISC-elf/12.2.0/../../../../riscv32-MINIRISC-elf/lib/libc.a(libc_a-mprec.o)
                0x0000000080018114                __multadd
 .text.__s2b    0x0000000080018260      0x134 /opt/gcc_MINIRISC/bin/../lib/gcc/riscv32-MINIRISC-elf/12.2.0/../../../../riscv32-MINIRISC-elf/lib/libc.a(libc_a-mprec.o)
                0x0000000080018260                __s2b
 .text.__hi0bits
                0x0000000080018394       0x78 /opt/gcc_MINIRISC/bin/../lib/gcc/riscv32-MINIRISC-elf/12.2.0/../../../../riscv32-MINIRISC-elf/lib/libc.a(libc_a-mprec.o)
                0x0000000080018394                __hi0bits
 .text.__lo0bits
                0x000000008001840c       0xe0 /opt/gcc_MINIRISC/bin/../lib/gcc/riscv32-MINIRISC-elf/12.2.0/../../../../riscv32-MINIRISC-elf/lib/libc.a(libc_a-mprec.o)
                0x000000008001840c                __lo0bits
 .text.__i2b    0x00000000800184ec       0xb0 /opt/gcc_MINIRISC/bin/../lib/gcc/riscv32-MINIRISC-elf/12.2.0/../../../../riscv32-MINIRISC-elf/lib/libc.a(libc_a-mprec.o)
                0x00000000800184ec                __i2b
 .text.__multiply
                0x000000008001859c      0x234 /opt/gcc_MINIRISC/bin/../lib/gcc/riscv32-MINIRISC-elf/12.2.0/../../../../riscv32-MINIRISC-elf/lib/libc.a(libc_a-mprec.o)
                0x000000008001859c                __multiply
 .text.__pow5mult
                0x00000000800187d0      0x150 /opt/gcc_MINIRISC/bin/../lib/gcc/riscv32-MINIRISC-elf/12.2.0/../../../../riscv32-MINIRISC-elf/lib/libc.a(libc_a-mprec.o)
                0x00000000800187d0                __pow5mult
 .text.__lshift
                0x0000000080018920      0x190 /opt/gcc_MINIRISC/bin/../lib/gcc/riscv32-MINIRISC-elf/12.2.0/../../../../riscv32-MINIRISC-elf/lib/libc.a(libc_a-mprec.o)
                0x0000000080018920                __lshift
 .text.__mcmp   0x0000000080018ab0       0x58 /opt/gcc_MINIRISC/bin/../lib/gcc/riscv32-MINIRISC-elf/12.2.0/../../../../riscv32-MINIRISC-elf/lib/libc.a(libc_a-mprec.o)
                0x0000000080018ab0                __mcmp
 .text.__mdiff  0x0000000080018b08      0x250 /opt/gcc_MINIRISC/bin/../lib/gcc/riscv32-MINIRISC-elf/12.2.0/../../../../riscv32-MINIRISC-elf/lib/libc.a(libc_a-mprec.o)
                0x0000000080018b08                __mdiff
 .text.__ulp    0x0000000080018d58       0x68 /opt/gcc_MINIRISC/bin/../lib/gcc/riscv32-MINIRISC-elf/12.2.0/../../../../riscv32-MINIRISC-elf/lib/libc.a(libc_a-mprec.o)
                0x0000000080018d58                __ulp
 .text.__b2d    0x0000000080018dc0      0x11c /opt/gcc_MINIRISC/bin/../lib/gcc/riscv32-MINIRISC-elf/12.2.0/../../../../riscv32-MINIRISC-elf/lib/libc.a(libc_a-mprec.o)
                0x0000000080018dc0                __b2d
 .text.__d2b    0x0000000080018edc      0x158 /opt/gcc_MINIRISC/bin/../lib/gcc/riscv32-MINIRISC-elf/12.2.0/../../../../riscv32-MINIRISC-elf/lib/libc.a(libc_a-mprec.o)
                0x0000000080018edc                __d2b
 .text.__ratio  0x0000000080019034       0xa8 /opt/gcc_MINIRISC/bin/../lib/gcc/riscv32-MINIRISC-elf/12.2.0/../../../../riscv32-MINIRISC-elf/lib/libc.a(libc_a-mprec.o)
                0x0000000080019034                __ratio
 .text._mprec_log10
                0x00000000800190dc       0xac /opt/gcc_MINIRISC/bin/../lib/gcc/riscv32-MINIRISC-elf/12.2.0/../../../../riscv32-MINIRISC-elf/lib/libc.a(libc_a-mprec.o)
                0x00000000800190dc                _mprec_log10
 .text.__copybits
                0x0000000080019188       0x68 /opt/gcc_MINIRISC/bin/../lib/gcc/riscv32-MINIRISC-elf/12.2.0/../../../../riscv32-MINIRISC-elf/lib/libc.a(libc_a-mprec.o)
                0x0000000080019188                __copybits
 .text.__any_on
                0x00000000800191f0       0x64 /opt/gcc_MINIRISC/bin/../lib/gcc/riscv32-MINIRISC-elf/12.2.0/../../../../riscv32-MINIRISC-elf/lib/libc.a(libc_a-mprec.o)
                0x00000000800191f0                __any_on
 .text          0x0000000080019254        0x0 /opt/gcc_MINIRISC/bin/../lib/gcc/riscv32-MINIRISC-elf/12.2.0/../../../../riscv32-MINIRISC-elf/lib/libc.a(libc_a-strtol.o)
 .text._strtol_l.constprop.0
                0x0000000080019254      0x1f0 /opt/gcc_MINIRISC/bin/../lib/gcc/riscv32-MINIRISC-elf/12.2.0/../../../../riscv32-MINIRISC-elf/lib/libc.a(libc_a-strtol.o)
 .text._strtol_r
                0x0000000080019444        0x4 /opt/gcc_MINIRISC/bin/../lib/gcc/riscv32-MINIRISC-elf/12.2.0/../../../../riscv32-MINIRISC-elf/lib/libc.a(libc_a-strtol.o)
                0x0000000080019444                _strtol_r
 .text.strtol_l
                0x0000000080019448       0x14 /opt/gcc_MINIRISC/bin/../lib/gcc/riscv32-MINIRISC-elf/12.2.0/../../../../riscv32-MINIRISC-elf/lib/libc.a(libc_a-strtol.o)
                0x0000000080019448                strtol_l
 .text.strtol   0x000000008001945c       0x14 /opt/gcc_MINIRISC/bin/../lib/gcc/riscv32-MINIRISC-elf/12.2.0/../../../../riscv32-MINIRISC-elf/lib/libc.a(libc_a-strtol.o)
                0x000000008001945c                strtol
 .text          0x0000000080019470        0x0 /opt/gcc_MINIRISC/bin/../lib/gcc/riscv32-MINIRISC-elf/12.2.0/../../../../riscv32-MINIRISC-elf/lib/libc.a(libc_a-wctomb_r.o)
 .text._wctomb_r
                0x0000000080019470        0xc /opt/gcc_MINIRISC/bin/../lib/gcc/riscv32-MINIRISC-elf/12.2.0/../../../../riscv32-MINIRISC-elf/lib/libc.a(libc_a-wctomb_r.o)
                0x0000000080019470                _wctomb_r
 .text.__ascii_wctomb
                0x000000008001947c       0x30 /opt/gcc_MINIRISC/bin/../lib/gcc/riscv32-MINIRISC-elf/12.2.0/../../../../riscv32-MINIRISC-elf/lib/libc.a(libc_a-wctomb_r.o)
                0x000000008001947c                __ascii_wctomb
 .text.__utf8_wctomb
                0x00000000800194ac       0xec /opt/gcc_MINIRISC/bin/../lib/gcc/riscv32-MINIRISC-elf/12.2.0/../../../../riscv32-MINIRISC-elf/lib/libc.a(libc_a-wctomb_r.o)
                0x00000000800194ac                __utf8_wctomb
 .text.__sjis_wctomb
                0x0000000080019598       0x84 /opt/gcc_MINIRISC/bin/../lib/gcc/riscv32-MINIRISC-elf/12.2.0/../../../../riscv32-MINIRISC-elf/lib/libc.a(libc_a-wctomb_r.o)
                0x0000000080019598                __sjis_wctomb
 .text.__eucjp_wctomb
                0x000000008001961c       0xac /opt/gcc_MINIRISC/bin/../lib/gcc/riscv32-MINIRISC-elf/12.2.0/../../../../riscv32-MINIRISC-elf/lib/libc.a(libc_a-wctomb_r.o)
                0x000000008001961c                __eucjp_wctomb
 .text.__jis_wctomb
                0x00000000800196c8       0xc0 /opt/gcc_MINIRISC/bin/../lib/gcc/riscv32-MINIRISC-elf/12.2.0/../../../../riscv32-MINIRISC-elf/lib/libc.a(libc_a-wctomb_r.o)
                0x00000000800196c8                __jis_wctomb
 .text          0x0000000080019788        0x0 /opt/gcc_MINIRISC/bin/../lib/gcc/riscv32-MINIRISC-elf/12.2.0/../../../../riscv32-MINIRISC-elf/lib/libc.a(libc_a-wcrtomb.o)
 .text._wcrtomb_r
                0x0000000080019788       0x8c /opt/gcc_MINIRISC/bin/../lib/gcc/riscv32-MINIRISC-elf/12.2.0/../../../../riscv32-MINIRISC-elf/lib/libc.a(libc_a-wcrtomb.o)
                0x0000000080019788                _wcrtomb_r
 .text.wcrtomb  0x0000000080019814       0xa4 /opt/gcc_MINIRISC/bin/../lib/gcc/riscv32-MINIRISC-elf/12.2.0/../../../../riscv32-MINIRISC-elf/lib/libc.a(libc_a-wcrtomb.o)
                0x0000000080019814                wcrtomb
 .text          0x00000000800198b8        0x0 /opt/gcc_MINIRISC/bin/../lib/gcc/riscv32-MINIRISC-elf/12.2.0/../../../../riscv32-MINIRISC-elf/lib/libc.a(libc_a-wcsrtombs.o)
 .text._wcsrtombs_r
                0x00000000800198b8       0x10 /opt/gcc_MINIRISC/bin/../lib/gcc/riscv32-MINIRISC-elf/12.2.0/../../../../riscv32-MINIRISC-elf/lib/libc.a(libc_a-wcsrtombs.o)
                0x00000000800198b8                _wcsrtombs_r
 .text.wcsrtombs
                0x00000000800198c8       0x1c /opt/gcc_MINIRISC/bin/../lib/gcc/riscv32-MINIRISC-elf/12.2.0/../../../../riscv32-MINIRISC-elf/lib/libc.a(libc_a-wcsrtombs.o)
                0x00000000800198c8                wcsrtombs
 .text          0x00000000800198e4        0x0 /opt/gcc_MINIRISC/bin/../lib/gcc/riscv32-MINIRISC-elf/12.2.0/../../../../riscv32-MINIRISC-elf/lib/libc.a(libc_a-ctype_.o)
 .text.__set_ctype
                0x00000000800198e4       0x10 /opt/gcc_MINIRISC/bin/../lib/gcc/riscv32-MINIRISC-elf/12.2.0/../../../../riscv32-MINIRISC-elf/lib/libc.a(libc_a-ctype_.o)
                0x00000000800198e4                __set_ctype
 .text          0x00000000800198f4        0x0 /opt/gcc_MINIRISC/bin/../lib/gcc/riscv32-MINIRISC-elf/12.2.0/../../../../riscv32-MINIRISC-elf/lib/libc.a(libc_a-svfiprintf.o)
 .text.get_arg  0x00000000800198f4     0x1050 /opt/gcc_MINIRISC/bin/../lib/gcc/riscv32-MINIRISC-elf/12.2.0/../../../../riscv32-MINIRISC-elf/lib/libc.a(libc_a-svfiprintf.o)
 .text.__ssprint_r
                0x000000008001a944      0x1c8 /opt/gcc_MINIRISC/bin/../lib/gcc/riscv32-MINIRISC-elf/12.2.0/../../../../riscv32-MINIRISC-elf/lib/libc.a(libc_a-svfiprintf.o)
                0x000000008001a944                __ssprint_r
 .text._svfiprintf_r
                0x000000008001ab0c     0x295c /opt/gcc_MINIRISC/bin/../lib/gcc/riscv32-MINIRISC-elf/12.2.0/../../../../riscv32-MINIRISC-elf/lib/libc.a(libc_a-svfiprintf.o)
                0x000000008001ab0c                _svfiprintf_r
 .text          0x000000008001d468        0x0 /opt/gcc_MINIRISC/bin/../lib/gcc/riscv32-MINIRISC-elf/12.2.0/../../../../riscv32-MINIRISC-elf/lib/libc.a(libc_a-strcasecmp.o)
 .text.strcasecmp
                0x000000008001d468       0x6c /opt/gcc_MINIRISC/bin/../lib/gcc/riscv32-MINIRISC-elf/12.2.0/../../../../riscv32-MINIRISC-elf/lib/libc.a(libc_a-strcasecmp.o)
                0x000000008001d468                strcasecmp
 .text          0x000000008001d4d4        0x0 /opt/gcc_MINIRISC/bin/../lib/gcc/riscv32-MINIRISC-elf/12.2.0/../../../../riscv32-MINIRISC-elf/lib/libc.a(libc_a-strcat.o)
 .text.strcat   0x000000008001d4d4       0x88 /opt/gcc_MINIRISC/bin/../lib/gcc/riscv32-MINIRISC-elf/12.2.0/../../../../riscv32-MINIRISC-elf/lib/libc.a(libc_a-strcat.o)
                0x000000008001d4d4                strcat
 .text          0x000000008001d55c        0x0 /opt/gcc_MINIRISC/bin/../lib/gcc/riscv32-MINIRISC-elf/12.2.0/../../../../riscv32-MINIRISC-elf/lib/libc.a(libc_a-strchr.o)
 .text.strchr   0x000000008001d55c      0x140 /opt/gcc_MINIRISC/bin/../lib/gcc/riscv32-MINIRISC-elf/12.2.0/../../../../riscv32-MINIRISC-elf/lib/libc.a(libc_a-strchr.o)
                0x000000008001d55c                strchr
 .text          0x000000008001d69c        0x0 /opt/gcc_MINIRISC/bin/../lib/gcc/riscv32-MINIRISC-elf/12.2.0/../../../../riscv32-MINIRISC-elf/lib/libc.a(libc_a-strlcpy.o)
 .text.strlcpy  0x000000008001d69c       0x44 /opt/gcc_MINIRISC/bin/../lib/gcc/riscv32-MINIRISC-elf/12.2.0/../../../../riscv32-MINIRISC-elf/lib/libc.a(libc_a-strlcpy.o)
                0x000000008001d69c                strlcpy
 .text          0x000000008001d6e0        0x0 /opt/gcc_MINIRISC/bin/../lib/gcc/riscv32-MINIRISC-elf/12.2.0/../../../../riscv32-MINIRISC-elf/lib/libc.a(libc_a-strncasecmp.o)
 .text.strncasecmp
                0x000000008001d6e0       0x7c /opt/gcc_MINIRISC/bin/../lib/gcc/riscv32-MINIRISC-elf/12.2.0/../../../../riscv32-MINIRISC-elf/lib/libc.a(libc_a-strncasecmp.o)
                0x000000008001d6e0                strncasecmp
 .text          0x000000008001d75c        0x0 /opt/gcc_MINIRISC/bin/../lib/gcc/riscv32-MINIRISC-elf/12.2.0/../../../../riscv32-MINIRISC-elf/lib/libc.a(libc_a-strncmp.o)
 .text.strncmp  0x000000008001d75c       0xb8 /opt/gcc_MINIRISC/bin/../lib/gcc/riscv32-MINIRISC-elf/12.2.0/../../../../riscv32-MINIRISC-elf/lib/libc.a(libc_a-strncmp.o)
                0x000000008001d75c                strncmp
 .text          0x000000008001d814        0x0 /opt/gcc_MINIRISC/bin/../lib/gcc/riscv32-MINIRISC-elf/12.2.0/../../../../riscv32-MINIRISC-elf/lib/libc.a(libc_a-memmove-stub.o)
 .text.memmove  0x000000008001d814      0x11c /opt/gcc_MINIRISC/bin/../lib/gcc/riscv32-MINIRISC-elf/12.2.0/../../../../riscv32-MINIRISC-elf/lib/libc.a(libc_a-memmove-stub.o)
                0x000000008001d814                memmove
 .text          0x000000008001d930        0x0 /opt/gcc_MINIRISC/bin/../lib/gcc/riscv32-MINIRISC-elf/12.2.0/../../../../riscv32-MINIRISC-elf/lib/libc.a(libc_a-assert.o)
 .text.__assert_func
                0x000000008001d930       0x54 /opt/gcc_MINIRISC/bin/../lib/gcc/riscv32-MINIRISC-elf/12.2.0/../../../../riscv32-MINIRISC-elf/lib/libc.a(libc_a-assert.o)
                0x000000008001d930                __assert_func
 .text.__assert
                0x000000008001d984       0x14 /opt/gcc_MINIRISC/bin/../lib/gcc/riscv32-MINIRISC-elf/12.2.0/../../../../riscv32-MINIRISC-elf/lib/libc.a(libc_a-assert.o)
                0x000000008001d984                __assert
 .text          0x000000008001d998        0x0 /opt/gcc_MINIRISC/bin/../lib/gcc/riscv32-MINIRISC-elf/12.2.0/../../../../riscv32-MINIRISC-elf/lib/libc.a(libc_a-callocr.o)
 .text._calloc_r
                0x000000008001d998       0xe8 /opt/gcc_MINIRISC/bin/../lib/gcc/riscv32-MINIRISC-elf/12.2.0/../../../../riscv32-MINIRISC-elf/lib/libc.a(libc_a-callocr.o)
                0x000000008001d998                _calloc_r
 .text          0x000000008001da80        0x0 /opt/gcc_MINIRISC/bin/../lib/gcc/riscv32-MINIRISC-elf/12.2.0/../../../../riscv32-MINIRISC-elf/lib/libc.a(libc_a-environ.o)
 .text          0x000000008001da80        0x0 /opt/gcc_MINIRISC/bin/../lib/gcc/riscv32-MINIRISC-elf/12.2.0/../../../../riscv32-MINIRISC-elf/lib/libc.a(libc_a-envlock.o)
 .text.__env_lock
                0x000000008001da80        0x4 /opt/gcc_MINIRISC/bin/../lib/gcc/riscv32-MINIRISC-elf/12.2.0/../../../../riscv32-MINIRISC-elf/lib/libc.a(libc_a-envlock.o)
                0x000000008001da80                __env_lock
 .text.__env_unlock
                0x000000008001da84        0x4 /opt/gcc_MINIRISC/bin/../lib/gcc/riscv32-MINIRISC-elf/12.2.0/../../../../riscv32-MINIRISC-elf/lib/libc.a(libc_a-envlock.o)
                0x000000008001da84                __env_unlock
 .text          0x000000008001da88        0x0 /opt/gcc_MINIRISC/bin/../lib/gcc/riscv32-MINIRISC-elf/12.2.0/../../../../riscv32-MINIRISC-elf/lib/libc.a(libc_a-reallocr.o)
 .text._realloc_r
                0x000000008001da88      0x558 /opt/gcc_MINIRISC/bin/../lib/gcc/riscv32-MINIRISC-elf/12.2.0/../../../../riscv32-MINIRISC-elf/lib/libc.a(libc_a-reallocr.o)
                0x000000008001da88                _realloc_r
 .text          0x000000008001dfe0        0x0 /opt/gcc_MINIRISC/bin/../lib/gcc/riscv32-MINIRISC-elf/12.2.0/../../../../riscv32-MINIRISC-elf/lib/libc.a(libc_a-wcsnrtombs.o)
 .text._wcsnrtombs_l
                0x000000008001dfe0      0x1b0 /opt/gcc_MINIRISC/bin/../lib/gcc/riscv32-MINIRISC-elf/12.2.0/../../../../riscv32-MINIRISC-elf/lib/libc.a(libc_a-wcsnrtombs.o)
                0x000000008001dfe0                _wcsnrtombs_l
 .text._wcsnrtombs_r
                0x000000008001e190       0x10 /opt/gcc_MINIRISC/bin/../lib/gcc/riscv32-MINIRISC-elf/12.2.0/../../../../riscv32-MINIRISC-elf/lib/libc.a(libc_a-wcsnrtombs.o)
                0x000000008001e190                _wcsnrtombs_r
 .text.wcsnrtombs
                0x000000008001e1a0       0x24 /opt/gcc_MINIRISC/bin/../lib/gcc/riscv32-MINIRISC-elf/12.2.0/../../../../riscv32-MINIRISC-elf/lib/libc.a(libc_a-wcsnrtombs.o)
                0x000000008001e1a0                wcsnrtombs
 .text          0x000000008001e1c4        0x0 /opt/gcc_MINIRISC/bin/../lib/gcc/riscv32-MINIRISC-elf/12.2.0/../../../../riscv32-MINIRISC-elf/lib/libc.a(libc_a-fiprintf.o)
 .text._fiprintf_r
                0x000000008001e1c4       0x38 /opt/gcc_MINIRISC/bin/../lib/gcc/riscv32-MINIRISC-elf/12.2.0/../../../../riscv32-MINIRISC-elf/lib/libc.a(libc_a-fiprintf.o)
                0x000000008001e1c4                _fiprintf_r
 .text.fiprintf
                0x000000008001e1fc       0x48 /opt/gcc_MINIRISC/bin/../lib/gcc/riscv32-MINIRISC-elf/12.2.0/../../../../riscv32-MINIRISC-elf/lib/libc.a(libc_a-fiprintf.o)
                0x000000008001e1fc                fiprintf
 .text          0x000000008001e244        0x0 /opt/gcc_MINIRISC/bin/../lib/gcc/riscv32-MINIRISC-elf/12.2.0/../../../../riscv32-MINIRISC-elf/lib/libc.a(libc_a-vfiprintf.o)
 .text.get_arg  0x000000008001e244     0x105c /opt/gcc_MINIRISC/bin/../lib/gcc/riscv32-MINIRISC-elf/12.2.0/../../../../riscv32-MINIRISC-elf/lib/libc.a(libc_a-vfiprintf.o)
 .text.__sprint_r.part.0
                0x000000008001f2a0       0xf4 /opt/gcc_MINIRISC/bin/../lib/gcc/riscv32-MINIRISC-elf/12.2.0/../../../../riscv32-MINIRISC-elf/lib/libc.a(libc_a-vfiprintf.o)
 .text.__sprint_r
                0x000000008001f394       0x18 /opt/gcc_MINIRISC/bin/../lib/gcc/riscv32-MINIRISC-elf/12.2.0/../../../../riscv32-MINIRISC-elf/lib/libc.a(libc_a-vfiprintf.o)
                0x000000008001f394                __sprint_r
 .text._vfiprintf_r
                0x000000008001f3ac     0x2bb0 /opt/gcc_MINIRISC/bin/../lib/gcc/riscv32-MINIRISC-elf/12.2.0/../../../../riscv32-MINIRISC-elf/lib/libc.a(libc_a-vfiprintf.o)
                0x000000008001f3ac                _vfiprintf_r
 .text.vfiprintf
                0x0000000080021f5c       0x14 /opt/gcc_MINIRISC/bin/../lib/gcc/riscv32-MINIRISC-elf/12.2.0/../../../../riscv32-MINIRISC-elf/lib/libc.a(libc_a-vfiprintf.o)
                0x0000000080021f5c                vfiprintf
 .text.__sbprintf
                0x0000000080021f70       0xcc /opt/gcc_MINIRISC/bin/../lib/gcc/riscv32-MINIRISC-elf/12.2.0/../../../../riscv32-MINIRISC-elf/lib/libc.a(libc_a-vfiprintf.o)
 .text          0x000000008002203c        0x0 /opt/gcc_MINIRISC/bin/../lib/gcc/riscv32-MINIRISC-elf/12.2.0/../../../../riscv32-MINIRISC-elf/lib/libc.a(libc_a-fvwrite.o)
 .text.__sfvwrite_r
                0x000000008002203c      0x49c /opt/gcc_MINIRISC/bin/../lib/gcc/riscv32-MINIRISC-elf/12.2.0/../../../../riscv32-MINIRISC-elf/lib/libc.a(libc_a-fvwrite.o)
                0x000000008002203c                __sfvwrite_r
 .text          0x00000000800224d8        0x0 /opt/gcc_MINIRISC/bin/../lib/gcc/riscv32-MINIRISC-elf/12.2.0/../../../../riscv32-MINIRISC-elf/lib/libc.a(libc_a-wsetup.o)
 .text.__swsetup_r
                0x00000000800224d8      0x138 /opt/gcc_MINIRISC/bin/../lib/gcc/riscv32-MINIRISC-elf/12.2.0/../../../../riscv32-MINIRISC-elf/lib/libc.a(libc_a-wsetup.o)
                0x00000000800224d8                __swsetup_r
 .text          0x0000000080022610        0x0 /opt/gcc_MINIRISC/bin/../lib/gcc/riscv32-MINIRISC-elf/12.2.0/../../../../riscv32-MINIRISC-elf/lib/libc.a(libc_a-fputwc.o)
 .text.__fputwc
                0x0000000080022610      0x12c /opt/gcc_MINIRISC/bin/../lib/gcc/riscv32-MINIRISC-elf/12.2.0/../../../../riscv32-MINIRISC-elf/lib/libc.a(libc_a-fputwc.o)
                0x0000000080022610                __fputwc
 .text._fputwc_r
                0x000000008002273c       0x2c /opt/gcc_MINIRISC/bin/../lib/gcc/riscv32-MINIRISC-elf/12.2.0/../../../../riscv32-MINIRISC-elf/lib/libc.a(libc_a-fputwc.o)
                0x000000008002273c                _fputwc_r
 .text.fputwc   0x0000000080022768       0x7c /opt/gcc_MINIRISC/bin/../lib/gcc/riscv32-MINIRISC-elf/12.2.0/../../../../riscv32-MINIRISC-elf/lib/libc.a(libc_a-fputwc.o)
                0x0000000080022768                fputwc
 .text          0x00000000800227e4        0x0 /opt/gcc_MINIRISC/bin/../lib/gcc/riscv32-MINIRISC-elf/12.2.0/../../../../riscv32-MINIRISC-elf/lib/libc.a(libc_a-abort.o)
 .text.abort    0x00000000800227e4       0x18 /opt/gcc_MINIRISC/bin/../lib/gcc/riscv32-MINIRISC-elf/12.2.0/../../../../riscv32-MINIRISC-elf/lib/libc.a(libc_a-abort.o)
                0x00000000800227e4                abort
 .text          0x00000000800227fc        0x0 /opt/gcc_MINIRISC/bin/../lib/gcc/riscv32-MINIRISC-elf/12.2.0/../../../../riscv32-MINIRISC-elf/lib/libc.a(libc_a-makebuf.o)
 .text.__smakebuf_r
                0x00000000800227fc      0x184 /opt/gcc_MINIRISC/bin/../lib/gcc/riscv32-MINIRISC-elf/12.2.0/../../../../riscv32-MINIRISC-elf/lib/libc.a(libc_a-makebuf.o)
                0x00000000800227fc                __smakebuf_r
 .text.__swhatbuf_r
                0x0000000080022980       0xd8 /opt/gcc_MINIRISC/bin/../lib/gcc/riscv32-MINIRISC-elf/12.2.0/../../../../riscv32-MINIRISC-elf/lib/libc.a(libc_a-makebuf.o)
                0x0000000080022980                __swhatbuf_r
 .text          0x0000000080022a58        0x0 /opt/gcc_MINIRISC/bin/../lib/gcc/riscv32-MINIRISC-elf/12.2.0/../../../../riscv32-MINIRISC-elf/lib/libc.a(libc_a-wbuf.o)
 .text.__swbuf_r
                0x0000000080022a58      0x174 /opt/gcc_MINIRISC/bin/../lib/gcc/riscv32-MINIRISC-elf/12.2.0/../../../../riscv32-MINIRISC-elf/lib/libc.a(libc_a-wbuf.o)
                0x0000000080022a58                __swbuf_r
 .text.__swbuf  0x0000000080022bcc       0x10 /opt/gcc_MINIRISC/bin/../lib/gcc/riscv32-MINIRISC-elf/12.2.0/../../../../riscv32-MINIRISC-elf/lib/libc.a(libc_a-wbuf.o)
                0x0000000080022bcc                __swbuf
 .text          0x0000000080022bdc        0x0 /opt/gcc_MINIRISC/bin/../lib/gcc/riscv32-MINIRISC-elf/12.2.0/../../../../riscv32-MINIRISC-elf/lib/libc.a(libc_a-signal.o)
 .text._init_signal_r
                0x0000000080022bdc       0x5c /opt/gcc_MINIRISC/bin/../lib/gcc/riscv32-MINIRISC-elf/12.2.0/../../../../riscv32-MINIRISC-elf/lib/libc.a(libc_a-signal.o)
                0x0000000080022bdc                _init_signal_r
 .text._signal_r
                0x0000000080022c38       0x90 /opt/gcc_MINIRISC/bin/../lib/gcc/riscv32-MINIRISC-elf/12.2.0/../../../../riscv32-MINIRISC-elf/lib/libc.a(libc_a-signal.o)
                0x0000000080022c38                _signal_r
 .text._raise_r
                0x0000000080022cc8       0xc4 /opt/gcc_MINIRISC/bin/../lib/gcc/riscv32-MINIRISC-elf/12.2.0/../../../../riscv32-MINIRISC-elf/lib/libc.a(libc_a-signal.o)
                0x0000000080022cc8                _raise_r
 .text.__sigtramp_r
                0x0000000080022d8c       0xe0 /opt/gcc_MINIRISC/bin/../lib/gcc/riscv32-MINIRISC-elf/12.2.0/../../../../riscv32-MINIRISC-elf/lib/libc.a(libc_a-signal.o)
                0x0000000080022d8c                __sigtramp_r
 .text.raise    0x0000000080022e6c       0xc0 /opt/gcc_MINIRISC/bin/../lib/gcc/riscv32-MINIRISC-elf/12.2.0/../../../../riscv32-MINIRISC-elf/lib/libc.a(libc_a-signal.o)
                0x0000000080022e6c                raise
 .text.signal   0x0000000080022f2c       0x94 /opt/gcc_MINIRISC/bin/../lib/gcc/riscv32-MINIRISC-elf/12.2.0/../../../../riscv32-MINIRISC-elf/lib/libc.a(libc_a-signal.o)
                0x0000000080022f2c                signal
 .text._init_signal
                0x0000000080022fc0       0x5c /opt/gcc_MINIRISC/bin/../lib/gcc/riscv32-MINIRISC-elf/12.2.0/../../../../riscv32-MINIRISC-elf/lib/libc.a(libc_a-signal.o)
                0x0000000080022fc0                _init_signal
 .text.__sigtramp
                0x000000008002301c       0xdc /opt/gcc_MINIRISC/bin/../lib/gcc/riscv32-MINIRISC-elf/12.2.0/../../../../riscv32-MINIRISC-elf/lib/libc.a(libc_a-signal.o)
                0x000000008002301c                __sigtramp
 .text          0x00000000800230f8        0x0 /opt/gcc_MINIRISC/bin/../lib/gcc/riscv32-MINIRISC-elf/12.2.0/../../../../riscv32-MINIRISC-elf/lib/libc.a(libc_a-fstatr.o)
 .text._fstat_r
                0x00000000800230f8       0x58 /opt/gcc_MINIRISC/bin/../lib/gcc/riscv32-MINIRISC-elf/12.2.0/../../../../riscv32-MINIRISC-elf/lib/libc.a(libc_a-fstatr.o)
                0x00000000800230f8                _fstat_r
 .text          0x0000000080023150        0x0 /opt/gcc_MINIRISC/bin/../lib/gcc/riscv32-MINIRISC-elf/12.2.0/../../../../riscv32-MINIRISC-elf/lib/libc.a(libc_a-isattyr.o)
 .text._isatty_r
                0x0000000080023150       0x50 /opt/gcc_MINIRISC/bin/../lib/gcc/riscv32-MINIRISC-elf/12.2.0/../../../../riscv32-MINIRISC-elf/lib/libc.a(libc_a-isattyr.o)
                0x0000000080023150                _isatty_r
 .text          0x00000000800231a0        0x0 /opt/gcc_MINIRISC/bin/../lib/gcc/riscv32-MINIRISC-elf/12.2.0/../../../../riscv32-MINIRISC-elf/lib/libc.a(libc_a-signalr.o)
 .text._kill_r  0x00000000800231a0       0x58 /opt/gcc_MINIRISC/bin/../lib/gcc/riscv32-MINIRISC-elf/12.2.0/../../../../riscv32-MINIRISC-elf/lib/libc.a(libc_a-signalr.o)
                0x00000000800231a0                _kill_r
 .text._getpid_r
                0x00000000800231f8        0x4 /opt/gcc_MINIRISC/bin/../lib/gcc/riscv32-MINIRISC-elf/12.2.0/../../../../riscv32-MINIRISC-elf/lib/libc.a(libc_a-signalr.o)
                0x00000000800231f8                _getpid_r
 .text          0x00000000800231fc        0x0 /opt/gcc_MINIRISC/bin/../lib/gcc/riscv32-MINIRISC-elf/12.2.0/../../../../riscv32-MINIRISC-elf/lib/libgloss.a(riscv_libgloss_a-sys_getpid.o)
 .text._getpid  0x00000000800231fc        0x8 /opt/gcc_MINIRISC/bin/../lib/gcc/riscv32-MINIRISC-elf/12.2.0/../../../../riscv32-MINIRISC-elf/lib/libgloss.a(riscv_libgloss_a-sys_getpid.o)
                0x00000000800231fc                _getpid
 .text          0x0000000080023204        0x0 /opt/gcc_MINIRISC/bin/../lib/gcc/riscv32-MINIRISC-elf/12.2.0/../../../../riscv32-MINIRISC-elf/lib/libgloss.a(riscv_libgloss_a-sys_kill.o)
 .text._kill    0x0000000080023204       0x24 /opt/gcc_MINIRISC/bin/../lib/gcc/riscv32-MINIRISC-elf/12.2.0/../../../../riscv32-MINIRISC-elf/lib/libgloss.a(riscv_libgloss_a-sys_kill.o)
                0x0000000080023204                _kill
 .text          0x0000000080023228       0xd0 /opt/gcc_MINIRISC/bin/../lib/gcc/riscv32-MINIRISC-elf/12.2.0/libgcc.a(eqtf2.o)
                0x0000000080023228                __eqtf2
                0x0000000080023228                __netf2
 .text          0x00000000800232f8      0x158 /opt/gcc_MINIRISC/bin/../lib/gcc/riscv32-MINIRISC-elf/12.2.0/libgcc.a(getf2.o)
                0x00000000800232f8                __getf2
                0x00000000800232f8                __gttf2
 .text          0x0000000080023450      0x154 /opt/gcc_MINIRISC/bin/../lib/gcc/riscv32-MINIRISC-elf/12.2.0/libgcc.a(letf2.o)
                0x0000000080023450                __letf2
                0x0000000080023450                __lttf2
 .text          0x00000000800235a4     0x11ac /opt/gcc_MINIRISC/bin/../lib/gcc/riscv32-MINIRISC-elf/12.2.0/libgcc.a(multf3.o)
                0x00000000800235a4                __multf3
 .text          0x0000000080024750     0x177c /opt/gcc_MINIRISC/bin/../lib/gcc/riscv32-MINIRISC-elf/12.2.0/libgcc.a(subtf3.o)
                0x0000000080024750                __subtf3
 .text          0x0000000080025ecc       0x94 /opt/gcc_MINIRISC/bin/../lib/gcc/riscv32-MINIRISC-elf/12.2.0/libgcc.a(unordtf2.o)
                0x0000000080025ecc                __unordtf2
 .text          0x0000000080025f60       0xfc /opt/gcc_MINIRISC/bin/../lib/gcc/riscv32-MINIRISC-elf/12.2.0/libgcc.a(fixtfsi.o)
                0x0000000080025f60                __fixtfsi
 .text          0x000000008002605c      0x194 /opt/gcc_MINIRISC/bin/../lib/gcc/riscv32-MINIRISC-elf/12.2.0/libgcc.a(floatsitf.o)
                0x000000008002605c                __floatsitf
 .text          0x00000000800261f0      0x260 /opt/gcc_MINIRISC/bin/../lib/gcc/riscv32-MINIRISC-elf/12.2.0/libgcc.a(extenddftf2.o)
                0x00000000800261f0                __extenddftf2
 .text          0x0000000080026450        0x0 /opt/gcc_MINIRISC/bin/../lib/gcc/riscv32-MINIRISC-elf/12.2.0/crtend.o
 *(.gnu.warning)

.fini
 *(SORT_NONE(.fini))
                [!provide]                        PROVIDE (__etext = .)
                [!provide]                        PROVIDE (_etext = .)
                [!provide]                        PROVIDE (etext = .)

.rodata         0x0000000080026450    0x606bc
 *(.rodata .rodata.* .gnu.linkonce.r.*)
 .rodata.str1.4
                0x0000000080026450      0x289 build/minirisc/minirisc.o
 *fill*         0x00000000800266d9        0x3 
 .rodata.str1.4
                0x00000000800266dc        0xc build/xprintf/xprintf.o
                                          0xd (size before relaxing)
 .rodata        0x00000000800266e8       0xd0 build/xprintf/xprintf.o
 .rodata.str1.4
                0x00000000800267b8       0x30 build/FreeRTOS/tasks.o
 .rodata        0x00000000800267e8       0x3c build/FreeRTOS/tasks.o
 .rodata        0x0000000080026824       0x28 build/FreeRTOS/timers.o
 .rodata.str1.4
                0x000000008002684c       0x10 build/FreeRTOS/timers.o
 .rodata.str1.4
                0x000000008002685c       0x53 build/FreeRTOS/portable/MemMang/heap_3_nosuspend.o
 *fill*         0x00000000800268af        0x1 
 .rodata.str1.4
                0x00000000800268b0       0x14 build/FreeRTOS/portable/GCC/Mini-RISC/port.o
 .rodata.str1.4
                0x00000000800268c4       0x4c build/support/freertos_support.o
 .rodata.str1.4
                0x0000000080026910       0x41 build/support/uart.o
 *fill*         0x0000000080026951        0x3 
 .rodata.str1.4
                0x0000000080026954        0xc build/audio_server.o
 .rodata.str1.4
                0x0000000080026960       0xa1 build/main.o
 *fill*         0x0000000080026a01        0x3 
 .rodata.str1.4
                0x0000000080026a04      0x115 build/samples.o
 *fill*         0x0000000080026b19        0x7 
 .rodata        0x0000000080026b20    0x5e6b8 build/samples.o
                0x0000000080026b20                sound_samples
                0x0000000080026b74                snare_vinyl
                0x0000000080026b80                snare_urban
                0x0000000080026b8c                snare_tapestop
                0x0000000080026b98                snare_slammer
                0x0000000080026ba4                snare_nu_disco
                0x0000000080026bb0                snare_blackout
                0x0000000080026bbc                prec_laser
                0x0000000080026bc8                perc_skipper
                0x0000000080026bd4                kick_vinyl
                0x0000000080026be0                kick_slapback
                0x0000000080026bec                kick_heavy
                0x0000000080026bf8                kick_grandmaster
                0x0000000080026c04                kick_fistpump
                0x0000000080026c10                kick_devastate
                0x0000000080026c1c                kick_darkroom
                0x0000000080026c28                hats_metal
                0x0000000080026c34                fart_4
                0x0000000080026c40                fart_3
                0x0000000080026c4c                fart_2
                0x0000000080026c58                fart_1
                0x0000000080026c64                clap_808
 .rodata        0x00000000800851d8       0x40 /opt/gcc_MINIRISC/bin/../lib/gcc/riscv32-MINIRISC-elf/12.2.0/libgcc.a(divdf3.o)
 .rodata        0x0000000080085218      0x100 /opt/gcc_MINIRISC/bin/../lib/gcc/riscv32-MINIRISC-elf/12.2.0/libgcc.a(_clz.o)
                0x0000000080085218                __clz_tab
 .rodata.get_arg
                0x0000000080085318      0x2c4 /opt/gcc_MINIRISC/bin/../lib/gcc/riscv32-MINIRISC-elf/12.2.0/../../../../riscv32-MINIRISC-elf/lib/libc.a(libc_a-svfprintf.o)
 .rodata._svfprintf_r.str1.4
                0x00000000800855dc       0x3e /opt/gcc_MINIRISC/bin/../lib/gcc/riscv32-MINIRISC-elf/12.2.0/../../../../riscv32-MINIRISC-elf/lib/libc.a(libc_a-svfprintf.o)
                                         0x42 (size before relaxing)
 *fill*         0x000000008008561a        0x2 
 .rodata._svfprintf_r
                0x000000008008561c      0x204 /opt/gcc_MINIRISC/bin/../lib/gcc/riscv32-MINIRISC-elf/12.2.0/../../../../riscv32-MINIRISC-elf/lib/libc.a(libc_a-svfprintf.o)
 .rodata.zeroes.0
                0x0000000080085820       0x10 /opt/gcc_MINIRISC/bin/../lib/gcc/riscv32-MINIRISC-elf/12.2.0/../../../../riscv32-MINIRISC-elf/lib/libc.a(libc_a-svfprintf.o)
 .rodata.blanks.1
                0x0000000080085830       0x10 /opt/gcc_MINIRISC/bin/../lib/gcc/riscv32-MINIRISC-elf/12.2.0/../../../../riscv32-MINIRISC-elf/lib/libc.a(libc_a-svfprintf.o)
 .rodata.cst16  0x0000000080085840       0x30 /opt/gcc_MINIRISC/bin/../lib/gcc/riscv32-MINIRISC-elf/12.2.0/../../../../riscv32-MINIRISC-elf/lib/libc.a(libc_a-svfprintf.o)
 .rodata.currentlocale.str1.4
                0x0000000080085870        0x2 /opt/gcc_MINIRISC/bin/../lib/gcc/riscv32-MINIRISC-elf/12.2.0/../../../../riscv32-MINIRISC-elf/lib/libc.a(libc_a-locale.o)
 *fill*         0x0000000080085872        0x2 
 .rodata.__loadlocale.str1.4
                0x0000000080085874       0xd6 /opt/gcc_MINIRISC/bin/../lib/gcc/riscv32-MINIRISC-elf/12.2.0/../../../../riscv32-MINIRISC-elf/lib/libc.a(libc_a-locale.o)
 *fill*         0x000000008008594a        0x2 
 .rodata.__loadlocale
                0x000000008008594c       0xd4 /opt/gcc_MINIRISC/bin/../lib/gcc/riscv32-MINIRISC-elf/12.2.0/../../../../riscv32-MINIRISC-elf/lib/libc.a(libc_a-locale.o)
 .rodata.__get_locale_env.str1.4
                0x0000000080085a20        0xd /opt/gcc_MINIRISC/bin/../lib/gcc/riscv32-MINIRISC-elf/12.2.0/../../../../riscv32-MINIRISC-elf/lib/libc.a(libc_a-locale.o)
 *fill*         0x0000000080085a2d        0x3 
 .rodata.str1.4
                0x0000000080085a30       0x48 /opt/gcc_MINIRISC/bin/../lib/gcc/riscv32-MINIRISC-elf/12.2.0/../../../../riscv32-MINIRISC-elf/lib/libc.a(libc_a-locale.o)
                                         0x4c (size before relaxing)
 .rodata.__C_locale
                0x0000000080085a78      0x16c /opt/gcc_MINIRISC/bin/../lib/gcc/riscv32-MINIRISC-elf/12.2.0/../../../../riscv32-MINIRISC-elf/lib/libc.a(libc_a-locale.o)
                0x0000000080085a78                __C_locale
 .rodata.categories
                0x0000000080085be4       0x1c /opt/gcc_MINIRISC/bin/../lib/gcc/riscv32-MINIRISC-elf/12.2.0/../../../../riscv32-MINIRISC-elf/lib/libc.a(libc_a-locale.o)
 .rodata.cst16  0x0000000080085c00       0x10 /opt/gcc_MINIRISC/bin/../lib/gcc/riscv32-MINIRISC-elf/12.2.0/../../../../riscv32-MINIRISC-elf/lib/libc.a(libm_a-frexpl.o)
 .rodata.cst16  0x0000000080085c10       0x20 /opt/gcc_MINIRISC/bin/../lib/gcc/riscv32-MINIRISC-elf/12.2.0/../../../../riscv32-MINIRISC-elf/lib/libc.a(libc_a-gdtoa-ldtoa.o)
 .rodata        0x0000000080085c30       0x14 /opt/gcc_MINIRISC/bin/../lib/gcc/riscv32-MINIRISC-elf/12.2.0/../../../../riscv32-MINIRISC-elf/lib/libc.a(libc_a-gdtoa-ldtoa.o)
 .rodata.__gdtoa.str1.4
                0x0000000080085c44        0x9 /opt/gcc_MINIRISC/bin/../lib/gcc/riscv32-MINIRISC-elf/12.2.0/../../../../riscv32-MINIRISC-elf/lib/libc.a(libc_a-gdtoa-gdtoa.o)
                                         0x12 (size before relaxing)
 *fill*         0x0000000080085c4d        0x3 
 .rodata.__jis_mbtowc
                0x0000000080085c50       0xd8 /opt/gcc_MINIRISC/bin/../lib/gcc/riscv32-MINIRISC-elf/12.2.0/../../../../riscv32-MINIRISC-elf/lib/libc.a(libc_a-mbtowc_r.o)
 .rodata.JIS_action_table
                0x0000000080085d28       0x48 /opt/gcc_MINIRISC/bin/../lib/gcc/riscv32-MINIRISC-elf/12.2.0/../../../../riscv32-MINIRISC-elf/lib/libc.a(libc_a-mbtowc_r.o)
 .rodata.JIS_state_table
                0x0000000080085d70       0x48 /opt/gcc_MINIRISC/bin/../lib/gcc/riscv32-MINIRISC-elf/12.2.0/../../../../riscv32-MINIRISC-elf/lib/libc.a(libc_a-mbtowc_r.o)
 .rodata.__multadd.str1.4
                0x0000000080085db8       0x73 /opt/gcc_MINIRISC/bin/../lib/gcc/riscv32-MINIRISC-elf/12.2.0/../../../../riscv32-MINIRISC-elf/lib/libc.a(libc_a-mprec.o)
 *fill*         0x0000000080085e2b        0x1 
 .rodata.p05.0  0x0000000080085e2c        0xc /opt/gcc_MINIRISC/bin/../lib/gcc/riscv32-MINIRISC-elf/12.2.0/../../../../riscv32-MINIRISC-elf/lib/libc.a(libc_a-mprec.o)
 .rodata.__mprec_tinytens
                0x0000000080085e38       0x28 /opt/gcc_MINIRISC/bin/../lib/gcc/riscv32-MINIRISC-elf/12.2.0/../../../../riscv32-MINIRISC-elf/lib/libc.a(libc_a-mprec.o)
                0x0000000080085e38                __mprec_tinytens
 .rodata.__mprec_bigtens
                0x0000000080085e60       0x28 /opt/gcc_MINIRISC/bin/../lib/gcc/riscv32-MINIRISC-elf/12.2.0/../../../../riscv32-MINIRISC-elf/lib/libc.a(libc_a-mprec.o)
                0x0000000080085e60                __mprec_bigtens
 .rodata.__mprec_tens
                0x0000000080085e88       0xc8 /opt/gcc_MINIRISC/bin/../lib/gcc/riscv32-MINIRISC-elf/12.2.0/../../../../riscv32-MINIRISC-elf/lib/libc.a(libc_a-mprec.o)
                0x0000000080085e88                __mprec_tens
 .rodata._ctype_
                0x0000000080085f50      0x101 /opt/gcc_MINIRISC/bin/../lib/gcc/riscv32-MINIRISC-elf/12.2.0/../../../../riscv32-MINIRISC-elf/lib/libc.a(libc_a-ctype_.o)
                0x0000000080085f50                _ctype_
 *fill*         0x0000000080086051        0x3 
 .rodata.get_arg
                0x0000000080086054      0x2c4 /opt/gcc_MINIRISC/bin/../lib/gcc/riscv32-MINIRISC-elf/12.2.0/../../../../riscv32-MINIRISC-elf/lib/libc.a(libc_a-svfiprintf.o)
 .rodata._svfiprintf_r.str1.4
                0x0000000080086318       0x2f /opt/gcc_MINIRISC/bin/../lib/gcc/riscv32-MINIRISC-elf/12.2.0/../../../../riscv32-MINIRISC-elf/lib/libc.a(libc_a-svfiprintf.o)
 .rodata._svfiprintf_r
                0x0000000080086318      0x16c /opt/gcc_MINIRISC/bin/../lib/gcc/riscv32-MINIRISC-elf/12.2.0/../../../../riscv32-MINIRISC-elf/lib/libc.a(libc_a-svfiprintf.o)
 .rodata.zeroes.0
                0x0000000080086484       0x10 /opt/gcc_MINIRISC/bin/../lib/gcc/riscv32-MINIRISC-elf/12.2.0/../../../../riscv32-MINIRISC-elf/lib/libc.a(libc_a-svfiprintf.o)
 .rodata.blanks.1
                0x0000000080086494       0x10 /opt/gcc_MINIRISC/bin/../lib/gcc/riscv32-MINIRISC-elf/12.2.0/../../../../riscv32-MINIRISC-elf/lib/libc.a(libc_a-svfiprintf.o)
 .rodata.__action_table
                0x00000000800864a4       0x6c /opt/gcc_MINIRISC/bin/../lib/gcc/riscv32-MINIRISC-elf/12.2.0/../../../../riscv32-MINIRISC-elf/lib/libc.a(libc_a-svfiprintf.o)
                0x00000000800864a4                __action_table
 .rodata.__state_table
                0x0000000080086510       0x6c /opt/gcc_MINIRISC/bin/../lib/gcc/riscv32-MINIRISC-elf/12.2.0/../../../../riscv32-MINIRISC-elf/lib/libc.a(libc_a-svfiprintf.o)
                0x0000000080086510                __state_table
 .rodata.__chclass
                0x000000008008657c      0x100 /opt/gcc_MINIRISC/bin/../lib/gcc/riscv32-MINIRISC-elf/12.2.0/../../../../riscv32-MINIRISC-elf/lib/libc.a(libc_a-svfiprintf.o)
                0x000000008008657c                __chclass
 .rodata.__assert_func.str1.4
                0x000000008008667c       0x3f /opt/gcc_MINIRISC/bin/../lib/gcc/riscv32-MINIRISC-elf/12.2.0/../../../../riscv32-MINIRISC-elf/lib/libc.a(libc_a-assert.o)
                                         0x43 (size before relaxing)
 *fill*         0x00000000800866bb        0x1 
 .rodata.get_arg
                0x00000000800866bc      0x2c4 /opt/gcc_MINIRISC/bin/../lib/gcc/riscv32-MINIRISC-elf/12.2.0/../../../../riscv32-MINIRISC-elf/lib/libc.a(libc_a-vfiprintf.o)
 .rodata._vfiprintf_r.str1.4
                0x0000000080086980       0x2f /opt/gcc_MINIRISC/bin/../lib/gcc/riscv32-MINIRISC-elf/12.2.0/../../../../riscv32-MINIRISC-elf/lib/libc.a(libc_a-vfiprintf.o)
 .rodata._vfiprintf_r
                0x0000000080086980      0x16c /opt/gcc_MINIRISC/bin/../lib/gcc/riscv32-MINIRISC-elf/12.2.0/../../../../riscv32-MINIRISC-elf/lib/libc.a(libc_a-vfiprintf.o)
 .rodata.zeroes.0
                0x0000000080086aec       0x10 /opt/gcc_MINIRISC/bin/../lib/gcc/riscv32-MINIRISC-elf/12.2.0/../../../../riscv32-MINIRISC-elf/lib/libc.a(libc_a-vfiprintf.o)
 .rodata.blanks.1
                0x0000000080086afc       0x10 /opt/gcc_MINIRISC/bin/../lib/gcc/riscv32-MINIRISC-elf/12.2.0/../../../../riscv32-MINIRISC-elf/lib/libc.a(libc_a-vfiprintf.o)

.rodata1
 *(.rodata1)

.sdata2
 *(.sdata2 .sdata2.* .gnu.linkonce.s2.*)

.sbss2
 *(.sbss2 .sbss2.* .gnu.linkonce.sb2.*)

.eh_frame_hdr
 *(.eh_frame_hdr)
 *(.eh_frame_entry .eh_frame_entry.*)

.eh_frame
 *(.eh_frame)
 *(.eh_frame.*)

.sframe
 *(.sframe)
 *(.sframe.*)

.gcc_except_table
 *(.gcc_except_table .gcc_except_table.*)

.gnu_extab
 *(.gnu_extab*)

.exception_ranges
 *(.exception_ranges*)
                0x0000000080087b0c                . = DATA_SEGMENT_ALIGN (CONSTANT (MAXPAGESIZE), CONSTANT (COMMONPAGESIZE))

.eh_frame       0x0000000080086b0c       0x40
 *(.eh_frame)
 .eh_frame      0x0000000080086b0c        0x0 /opt/gcc_MINIRISC/bin/../lib/gcc/riscv32-MINIRISC-elf/12.2.0/crtbegin.o
 .eh_frame      0x0000000080086b0c       0x28 /opt/gcc_MINIRISC/bin/../lib/gcc/riscv32-MINIRISC-elf/12.2.0/libgcc.a(_udivdi3.o)
 .eh_frame      0x0000000080086b34       0x14 /opt/gcc_MINIRISC/bin/../lib/gcc/riscv32-MINIRISC-elf/12.2.0/libgcc.a(_umoddi3.o)
                                         0x28 (size before relaxing)
 .eh_frame      0x0000000080086b48        0x4 /opt/gcc_MINIRISC/bin/../lib/gcc/riscv32-MINIRISC-elf/12.2.0/crtend.o
 *(.eh_frame.*)

.sframe
 *(.sframe)
 *(.sframe.*)

.gnu_extab
 *(.gnu_extab)

.gcc_except_table
 *(.gcc_except_table .gcc_except_table.*)

.exception_ranges
 *(.exception_ranges*)

.tdata          0x0000000080087b0c        0x0
                [!provide]                        PROVIDE (__tdata_start = .)
 *(.tdata .tdata.* .gnu.linkonce.td.*)

.tbss
 *(.tbss .tbss.* .gnu.linkonce.tb.*)
 *(.tcommon)

.preinit_array  0x0000000080087b0c        0x0
                0x0000000080087b0c                PROVIDE (__preinit_array_start = .)
 *(.preinit_array)
                0x0000000080087b0c                PROVIDE (__preinit_array_end = .)

.init_array     0x0000000080086b4c        0xc
                0x0000000080086b4c                PROVIDE (__init_array_start = .)
 *(SORT_BY_INIT_PRIORITY(.init_array.*) SORT_BY_INIT_PRIORITY(.ctors.*))
 .init_array.00000
                0x0000000080086b4c        0x4 /opt/gcc_MINIRISC/bin/../lib/gcc/riscv32-MINIRISC-elf/12.2.0/../../../../riscv32-MINIRISC-elf/lib/libc.a(libc_a-__call_atexit.o)
 .init_array.00101
                0x0000000080086b50        0x4 build/FreeRTOS/portable/MemMang/heap_3_nosuspend.o
 *(.init_array EXCLUDE_FILE(*crtend?.o *crtend.o *crtbegin?.o *crtbegin.o) .ctors)
 .init_array    0x0000000080086b54        0x4 /opt/gcc_MINIRISC/bin/../lib/gcc/riscv32-MINIRISC-elf/12.2.0/crtbegin.o
                0x0000000080086b58                PROVIDE (__init_array_end = .)

.fini_array     0x0000000080086b58        0x4
                0x0000000080086b58                PROVIDE (__fini_array_start = .)
 *(SORT_BY_INIT_PRIORITY(.fini_array.*) SORT_BY_INIT_PRIORITY(.dtors.*))
 *(.fini_array EXCLUDE_FILE(*crtend?.o *crtend.o *crtbegin?.o *crtbegin.o) .dtors)
 .fini_array    0x0000000080086b58        0x4 /opt/gcc_MINIRISC/bin/../lib/gcc/riscv32-MINIRISC-elf/12.2.0/crtbegin.o
                0x0000000080086b5c                PROVIDE (__fini_array_end = .)

.ctors
 *crtbegin.o(.ctors)
 *crtbegin?.o(.ctors)
 *(EXCLUDE_FILE(*crtend?.o *crtend.o) .ctors)
 *(SORT_BY_NAME(.ctors.*))
 *(.ctors)

.dtors
 *crtbegin.o(.dtors)